Program Version,EnergyPlus, Version 23.1.0-87ed9199d4, YMD=2026.08.27 13:45,
   ************* Beginning Zone Sizing Calculations
   ** Warning ** ProcessScheduleInput: Schedule:Constant="EU_ALWAYSON", Blank Schedule Type Limits Name input -- will not be validated.
   ** Warning ** ProcessScheduleInput: Schedule:Constant="EU_COOLINGOFF", Blank Schedule Type Limits Name input -- will not be validated.
   ** Warning ** GetHTSurfaceData: Surfaces with interface to Ground found but no "Ground Temperatures" were input.
   **   ~~~   ** Found first in surface=BLOCK BATIMENT0000000240879534_PART0_WHOLE STOREY 0 FLOOR 0001
   **   ~~~   ** Defaults, constant throughout the year of (18.0) will be used.
   ** Severe  ** RoofCeiling:Detailed="BLOCK BATIMENT0000000240879534_PART0_WHOLE STOREY 0 CEILING 0001_1", Vertex size mismatch between base surface :BLOCK BATIMENT0000000240879534_PART0_WHOLE STOREY 0 CEILING 0001_1 and outside boundary surface: BLOCK BATIMENT0000000240879534_PART0_WHOLE STOREY 1 FLOOR 0001_1
   **   ~~~   ** The vertex sizes are 12 for base surface and 11 for outside boundary surface. Please check inputs.
   ** Severe  ** RoofCeiling:Detailed="BLOCK BATIMENT0000000240879534_PART0_WHOLE STOREY 1 FLOOR 0001_1", Vertex size mismatch between base surface :BLOCK BATIMENT0000000240879534_PART0_WHOLE STOREY 1 FLOOR 0001_1 and outside boundary surface: BLOCK BATIMENT0000000240879534_PART0_WHOLE STOREY 0 CEILING 0001_1
   **   ~~~   ** The vertex sizes are 11 for base surface and 12 for outside boundary surface. Please check inputs.
   ** Severe  ** RoofCeiling:Detailed="BLOCK BATIMENT0000000240879534_PART0_WHOLE STOREY 1 CEILING 0001_1", Vertex size mismatch between base surface :BLOCK BATIMENT0000000240879534_PART0_WHOLE STOREY 1 CEILING 0001_1 and outside boundary surface: BLOCK BATIMENT0000000240879534_PART0_WHOLE STOREY 2 FLOOR 0001_1
   **   ~~~   ** The vertex sizes are 12 for base surface and 11 for outside boundary surface. Please check inputs.
   ** Severe  ** RoofCeiling:Detailed="BLOCK BATIMENT0000000240879534_PART0_WHOLE STOREY 2 FLOOR 0001_1", Vertex size mismatch between base surface :BLOCK BATIMENT0000000240879534_PART0_WHOLE STOREY 2 FLOOR 0001_1 and outside boundary surface: BLOCK BATIMENT0000000240879534_PART0_WHOLE STOREY 1 CEILING 0001_1
   **   ~~~   ** The vertex sizes are 11 for base surface and 12 for outside boundary surface. Please check inputs.
   ** Severe  ** RoofCeiling:Detailed="BLOCK BATIMENT0000000240879534_PART0_WHOLE STOREY 2 CEILING 0001_1", Vertex size mismatch between base surface :BLOCK BATIMENT0000000240879534_PART0_WHOLE STOREY 2 CEILING 0001_1 and outside boundary surface: BLOCK BATIMENT0000000240879534_PART0_WHOLE STOREY 3 FLOOR 0001_1
   **   ~~~   ** The vertex sizes are 12 for base surface and 11 for outside boundary surface. Please check inputs.
   ** Severe  ** RoofCeiling:Detailed="BLOCK BATIMENT0000000240879534_PART0_WHOLE STOREY 3 FLOOR 0001_1", Vertex size mismatch between base surface :BLOCK BATIMENT0000000240879534_PART0_WHOLE STOREY 3 FLOOR 0001_1 and outside boundary surface: BLOCK BATIMENT0000000240879534_PART0_WHOLE STOREY 2 CEILING 0001_1
   **   ~~~   ** The vertex sizes are 11 for base surface and 12 for outside boundary surface. Please check inputs.
   ** Severe  ** RoofCeiling:Detailed="BLOCK BATIMENT0000000240879534_PART0_WHOLE STOREY 3 CEILING 0001_1", Vertex size mismatch between base surface :BLOCK BATIMENT0000000240879534_PART0_WHOLE STOREY 3 CEILING 0001_1 and outside boundary surface: BLOCK BATIMENT0000000240879534_PART0_WHOLE STOREY 4 FLOOR 0001_1
   **   ~~~   ** The vertex sizes are 12 for base surface and 11 for outside boundary surface. Please check inputs.
   ** Severe  ** RoofCeiling:Detailed="BLOCK BATIMENT0000000240879534_PART0_WHOLE STOREY 4 FLOOR 0001_1", Vertex size mismatch between base surface :BLOCK BATIMENT0000000240879534_PART0_WHOLE STOREY 4 FLOOR 0001_1 and outside boundary surface: BLOCK BATIMENT0000000240879534_PART0_WHOLE STOREY 3 CEILING 0001_1
   **   ~~~   ** The vertex sizes are 11 for base surface and 12 for outside boundary surface. Please check inputs.
   ** Severe  ** RoofCeiling:Detailed="BLOCK BATIMENT0000000240879534_PART0_WHOLE STOREY 4 CEILING 0001_1", Vertex size mismatch between base surface :BLOCK BATIMENT0000000240879534_PART0_WHOLE STOREY 4 CEILING 0001_1 and outside boundary surface: BLOCK BATIMENT0000000240879534_PART0_WHOLE STOREY 5 FLOOR 0001_1
   **   ~~~   ** The vertex sizes are 12 for base surface and 11 for outside boundary surface. Please check inputs.
   ** Severe  ** RoofCeiling:Detailed="BLOCK BATIMENT0000000240879534_PART0_WHOLE STOREY 5 FLOOR 0001_1", Vertex size mismatch between base surface :BLOCK BATIMENT0000000240879534_PART0_WHOLE STOREY 5 FLOOR 0001_1 and outside boundary surface: BLOCK BATIMENT0000000240879534_PART0_WHOLE STOREY 4 CEILING 0001_1
   **   ~~~   ** The vertex sizes are 11 for base surface and 12 for outside boundary surface. Please check inputs.
   ** Severe  ** RoofCeiling:Detailed="BLOCK BATIMENT0000000240879534_PART0_WHOLE STOREY 5 CEILING 0001_1", Vertex size mismatch between base surface :BLOCK BATIMENT0000000240879534_PART0_WHOLE STOREY 5 CEILING 0001_1 and outside boundary surface: BLOCK BATIMENT0000000240879534_PART0_WHOLE STOREY 6 FLOOR 0001_1
   **   ~~~   ** The vertex sizes are 12 for base surface and 11 for outside boundary surface. Please check inputs.
   ** Severe  ** RoofCeiling:Detailed="BLOCK BATIMENT0000000240879534_PART0_WHOLE STOREY 6 FLOOR 0001_1", Vertex size mismatch between base surface :BLOCK BATIMENT0000000240879534_PART0_WHOLE STOREY 6 FLOOR 0001_1 and outside boundary surface: BLOCK BATIMENT0000000240879534_PART0_WHOLE STOREY 5 CEILING 0001_1
   **   ~~~   ** The vertex sizes are 11 for base surface and 12 for outside boundary surface. Please check inputs.
   **  Fatal  ** GetSurfaceData: Errors discovered, program terminates.
   ...Summary of Errors that led to program termination:
   ..... Reference severe error count=12
   ..... Last severe error=RoofCeiling:Detailed="BLOCK BATIMENT0000000240879534_PART0_WHOLE STOREY 6 FLOOR 0001_1", Vertex size mismatch between base surface :BLOCK BATIMENT0000000240879534_PART0_WHOLE STOREY 6 FLOOR 0001_1 and outside boundary surface: BLOCK BATIMENT0000000240879534_PART0_WHOLE STOREY 5 CEILING 0001_1
   ************* Warning:  Node connection errors not checked - most system input has not been read (see previous warning).
   ************* Fatal error -- final processing.  Program exited before simulations began.  See previous error messages.
   ************* EnergyPlus Warmup Error Summary. During Warmup: 0 Warning; 0 Severe Errors.
   ************* EnergyPlus Sizing Error Summary. During Sizing: 3 Warning; 12 Severe Errors.
   ************* EnergyPlus Terminated--Fatal Error Detected. 3 Warning; 12 Severe Errors; Elapsed Time=00hr 00min  0.09sec
