Program Version,EnergyPlus, Version 23.1.0-87ed9199d4, YMD=2026.08.27 13:48,
   ************* Beginning Zone Sizing Calculations
   ** Warning ** ProcessScheduleInput: Schedule:Constant="EU_ALWAYSON", Blank Schedule Type Limits Name input -- will not be validated.
   ** Warning ** ProcessScheduleInput: Schedule:Constant="EU_COOLINGOFF", Blank Schedule Type Limits Name input -- will not be validated.
   ** Warning ** GetHTSurfaceData: Surfaces with interface to Ground found but no "Ground Temperatures" were input.
   **   ~~~   ** Found first in surface=BLOCK BATIMENT0000000240880110_PART0_WHOLE STOREY 0 FLOOR 0001
   **   ~~~   ** Defaults, constant throughout the year of (18.0) will be used.
   ** Warning ** Calculated design cooling load for zone=BATIMENT0000000240880110_PART0_F0_WHOLE is zero.
   **   ~~~   ** Check Sizing:Zone and ZoneControl:Thermostat inputs.
   ** Warning ** Calculated design cooling load for zone=BATIMENT0000000240880110_PART0_F1_WHOLE is zero.
   **   ~~~   ** Check Sizing:Zone and ZoneControl:Thermostat inputs.
   ** Warning ** Calculated design cooling load for zone=BATIMENT0000000240880110_PART0_F2_WHOLE is zero.
   **   ~~~   ** Check Sizing:Zone and ZoneControl:Thermostat inputs.
   ** Warning ** Calculated design cooling load for zone=BATIMENT0000000240880110_PART0_F3_WHOLE is zero.
   **   ~~~   ** Check Sizing:Zone and ZoneControl:Thermostat inputs.
   ** Warning ** ManageSizing: For a plant sizing run, there must be at least 1 Sizing:Plant object input. SimulationControl Plant Sizing option ignored.
   ************* Testing Individual Branch Integrity
   ************* All Branches passed integrity testing
   ************* Testing Individual Supply Air Path Integrity
   ************* All Supply Air Paths passed integrity testing
   ************* Testing Individual Return Air Path Integrity
   ************* All Return Air Paths passed integrity testing
   ************* No node connection errors were found.
   ************* Beginning Simulation
   ************* Simulation Error Summary *************
   ************* EnergyPlus Warmup Error Summary. During Warmup: 0 Warning; 0 Severe Errors.
   ************* EnergyPlus Sizing Error Summary. During Sizing: 8 Warning; 0 Severe Errors.
   ************* EnergyPlus Completed Successfully-- 8 Warning; 0 Severe Errors; Elapsed Time=00hr 00min  4.13sec
