Program Version,EnergyPlus, Version 23.1.0-87ed9199d4, YMD=2026.09.04 18:14,
   ************* Beginning Zone Sizing Calculations
   ** Warning ** ProcessScheduleInput: Schedule:Constant="EU_ALWAYSON", Blank Schedule Type Limits Name input -- will not be validated.
   ** Warning ** ProcessScheduleInput: Schedule:Constant="EU_COOLINGOFF", Blank Schedule Type Limits Name input -- will not be validated.
   ** Warning ** GetVertices: Roof/Ceiling is upside down! Tilt angle=[180.0], should be near 0, Surface="BLOCK 4D40E0364B2F0E16_2 STOREY 4 ROOF 0001", in Zone="4D40E0364B2F0E16_F4_DWELLING_2".
   **   ~~~   ** Automatic fix is attempted.
   ** Warning ** GetHTSurfaceData: Surfaces with interface to Ground found but no "Ground Temperatures" were input.
   **   ~~~   ** Found first in surface=BLOCK 4D40E0364B2F0E16_0 STOREY 0 FLOOR 0001_1
   **   ~~~   ** Defaults, constant throughout the year of (18.0) will be used.
   ** Warning ** GetVertices: Floor is upside down! Tilt angle=[0.0], should be near 180, Surface="BLOCK 4D40E0364B2F0E16_0 STOREY 0 FLOOR 0001_1", in Zone="4D40E0364B2F0E16_F0_DWELLING_0".
   **   ~~~   ** Automatic fix is attempted.
   ** Warning ** GetVertices: Floor is upside down! Tilt angle=[0.0], should be near 180, Surface="BLOCK 4D40E0364B2F0E16_0 STOREY 0 FLOOR 0001_2", in Zone="4D40E0364B2F0E16_F0_DWELLING_0".
   **   ~~~   ** Automatic fix is attempted.
   ** Warning ** GetVertices: Floor is upside down! Tilt angle=[0.0], should be near 180, Surface="BLOCK 4D40E0364B2F0E16_0 STOREY 0 FLOOR 0001_3", in Zone="4D40E0364B2F0E16_F0_DWELLING_0".
   **   ~~~   ** Automatic fix is attempted.
   ** Warning ** GetVertices: Floor is upside down! Tilt angle=[0.0], should be near 180, Surface="BLOCK 4D40E0364B2F0E16_1 STOREY 0 FLOOR 0001_1", in Zone="4D40E0364B2F0E16_F0_DWELLING_1".
   **   ~~~   ** Automatic fix is attempted.
   ** Warning ** GetVertices: Floor is upside down! Tilt angle=[0.0], should be near 180, Surface="BLOCK 4D40E0364B2F0E16_1 STOREY 0 FLOOR 0001_2", in Zone="4D40E0364B2F0E16_F0_DWELLING_1".
   **   ~~~   ** Automatic fix is attempted.
   ** Warning ** GetVertices: Floor is upside down! Tilt angle=[0.0], should be near 180, Surface="BLOCK 4D40E0364B2F0E16_1 STOREY 0 FLOOR 0001_3", in Zone="4D40E0364B2F0E16_F0_DWELLING_1".
   **   ~~~   ** Automatic fix is attempted.
   ** Warning ** GetVertices: Roof/Ceiling is upside down! Tilt angle=[180.0], should be near 0, Surface="BLOCK 4D40E0364B2F0E16_0 STOREY 0 CEILING 0001_1", in Zone="4D40E0364B2F0E16_F0_DWELLING_0".
   **   ~~~   ** Automatic fix is attempted.
   ** Warning ** GetVertices: Roof/Ceiling is upside down! Tilt angle=[180.0], should be near 0, Surface="BLOCK 4D40E0364B2F0E16_0 STOREY 0 CEILING 0001_2", in Zone="4D40E0364B2F0E16_F0_DWELLING_0".
   **   ~~~   ** Automatic fix is attempted.
   ** Warning ** GetVertices: Roof/Ceiling is upside down! Tilt angle=[180.0], should be near 0, Surface="BLOCK 4D40E0364B2F0E16_0 STOREY 0 CEILING 0001_3", in Zone="4D40E0364B2F0E16_F0_DWELLING_0".
   **   ~~~   ** Automatic fix is attempted.
   ** Warning ** GetVertices: Floor is upside down! Tilt angle=[0.0], should be near 180, Surface="BLOCK 4D40E0364B2F0E16_0 STOREY 1 FLOOR 0001_1", in Zone="4D40E0364B2F0E16_F1_DWELLING_0".
   **   ~~~   ** Automatic fix is attempted.
   ** Warning ** GetVertices: Floor is upside down! Tilt angle=[0.0], should be near 180, Surface="BLOCK 4D40E0364B2F0E16_0 STOREY 1 FLOOR 0001_2", in Zone="4D40E0364B2F0E16_F1_DWELLING_0".
   **   ~~~   ** Automatic fix is attempted.
   ** Warning ** GetVertices: Floor is upside down! Tilt angle=[0.0], should be near 180, Surface="BLOCK 4D40E0364B2F0E16_0 STOREY 1 FLOOR 0001_3", in Zone="4D40E0364B2F0E16_F1_DWELLING_0".
   **   ~~~   ** Automatic fix is attempted.
   ** Warning ** GetVertices: Roof/Ceiling is upside down! Tilt angle=[180.0], should be near 0, Surface="BLOCK 4D40E0364B2F0E16_1 STOREY 0 CEILING 0001_1", in Zone="4D40E0364B2F0E16_F0_DWELLING_1".
   **   ~~~   ** Automatic fix is attempted.
   ** Warning ** GetVertices: Roof/Ceiling is upside down! Tilt angle=[180.0], should be near 0, Surface="BLOCK 4D40E0364B2F0E16_1 STOREY 0 CEILING 0001_2", in Zone="4D40E0364B2F0E16_F0_DWELLING_1".
   **   ~~~   ** Automatic fix is attempted.
   ** Warning ** GetVertices: Roof/Ceiling is upside down! Tilt angle=[180.0], should be near 0, Surface="BLOCK 4D40E0364B2F0E16_1 STOREY 0 CEILING 0001_3", in Zone="4D40E0364B2F0E16_F0_DWELLING_1".
   **   ~~~   ** Automatic fix is attempted.
   ** Warning ** GetVertices: Floor is upside down! Tilt angle=[0.0], should be near 180, Surface="BLOCK 4D40E0364B2F0E16_1 STOREY 1 FLOOR 0001_1", in Zone="4D40E0364B2F0E16_F1_DWELLING_1".
   **   ~~~   ** Automatic fix is attempted.
   ** Warning ** GetVertices: Floor is upside down! Tilt angle=[0.0], should be near 180, Surface="BLOCK 4D40E0364B2F0E16_1 STOREY 1 FLOOR 0001_2", in Zone="4D40E0364B2F0E16_F1_DWELLING_1".
   **   ~~~   ** Automatic fix is attempted.
   ** Warning ** GetVertices: Floor is upside down! Tilt angle=[0.0], should be near 180, Surface="BLOCK 4D40E0364B2F0E16_1 STOREY 1 FLOOR 0001_3", in Zone="4D40E0364B2F0E16_F1_DWELLING_1".
   **   ~~~   ** Automatic fix is attempted.
   ** Warning ** GetVertices: Roof/Ceiling is upside down! Tilt angle=[180.0], should be near 0, Surface="BLOCK 4D40E0364B2F0E16_0 STOREY 1 CEILING 0001_1", in Zone="4D40E0364B2F0E16_F1_DWELLING_0".
   **   ~~~   ** Automatic fix is attempted.
   ** Warning ** GetVertices: Roof/Ceiling is upside down! Tilt angle=[180.0], should be near 0, Surface="BLOCK 4D40E0364B2F0E16_0 STOREY 1 CEILING 0001_2", in Zone="4D40E0364B2F0E16_F1_DWELLING_0".
   **   ~~~   ** Automatic fix is attempted.
   ** Warning ** GetVertices: Roof/Ceiling is upside down! Tilt angle=[180.0], should be near 0, Surface="BLOCK 4D40E0364B2F0E16_0 STOREY 1 CEILING 0001_3", in Zone="4D40E0364B2F0E16_F1_DWELLING_0".
   **   ~~~   ** Automatic fix is attempted.
   ** Warning ** GetVertices: Floor is upside down! Tilt angle=[0.0], should be near 180, Surface="BLOCK 4D40E0364B2F0E16_0 STOREY 2 FLOOR 0001_1", in Zone="4D40E0364B2F0E16_F2_DWELLING_0".
   **   ~~~   ** Automatic fix is attempted.
   ** Warning ** GetVertices: Floor is upside down! Tilt angle=[0.0], should be near 180, Surface="BLOCK 4D40E0364B2F0E16_0 STOREY 2 FLOOR 0001_2", in Zone="4D40E0364B2F0E16_F2_DWELLING_0".
   **   ~~~   ** Automatic fix is attempted.
   ** Warning ** GetVertices: Floor is upside down! Tilt angle=[0.0], should be near 180, Surface="BLOCK 4D40E0364B2F0E16_0 STOREY 2 FLOOR 0001_3", in Zone="4D40E0364B2F0E16_F2_DWELLING_0".
   **   ~~~   ** Automatic fix is attempted.
   ** Warning ** GetVertices: Roof/Ceiling is upside down! Tilt angle=[180.0], should be near 0, Surface="BLOCK 4D40E0364B2F0E16_1 STOREY 1 CEILING 0001_1", in Zone="4D40E0364B2F0E16_F1_DWELLING_1".
   **   ~~~   ** Automatic fix is attempted.
   ** Warning ** GetVertices: Roof/Ceiling is upside down! Tilt angle=[180.0], should be near 0, Surface="BLOCK 4D40E0364B2F0E16_1 STOREY 1 CEILING 0001_2", in Zone="4D40E0364B2F0E16_F1_DWELLING_1".
   **   ~~~   ** Automatic fix is attempted.
   ** Warning ** GetVertices: Roof/Ceiling is upside down! Tilt angle=[180.0], should be near 0, Surface="BLOCK 4D40E0364B2F0E16_1 STOREY 1 CEILING 0001_3", in Zone="4D40E0364B2F0E16_F1_DWELLING_1".
   **   ~~~   ** Automatic fix is attempted.
   ** Warning ** GetVertices: Floor is upside down! Tilt angle=[0.0], should be near 180, Surface="BLOCK 4D40E0364B2F0E16_1 STOREY 2 FLOOR 0001_1", in Zone="4D40E0364B2F0E16_F2_DWELLING_1".
   **   ~~~   ** Automatic fix is attempted.
   ** Warning ** GetVertices: Floor is upside down! Tilt angle=[0.0], should be near 180, Surface="BLOCK 4D40E0364B2F0E16_1 STOREY 2 FLOOR 0001_2", in Zone="4D40E0364B2F0E16_F2_DWELLING_1".
   **   ~~~   ** Automatic fix is attempted.
   ** Warning ** GetVertices: Floor is upside down! Tilt angle=[0.0], should be near 180, Surface="BLOCK 4D40E0364B2F0E16_1 STOREY 2 FLOOR 0001_3", in Zone="4D40E0364B2F0E16_F2_DWELLING_1".
   **   ~~~   ** Automatic fix is attempted.
   ** Warning ** GetVertices: Roof/Ceiling is upside down! Tilt angle=[180.0], should be near 0, Surface="BLOCK 4D40E0364B2F0E16_0 STOREY 2 CEILING 0001_1", in Zone="4D40E0364B2F0E16_F2_DWELLING_0".
   **   ~~~   ** Automatic fix is attempted.
   ** Warning ** GetVertices: Roof/Ceiling is upside down! Tilt angle=[180.0], should be near 0, Surface="BLOCK 4D40E0364B2F0E16_0 STOREY 2 CEILING 0001_2", in Zone="4D40E0364B2F0E16_F2_DWELLING_0".
   **   ~~~   ** Automatic fix is attempted.
   ** Warning ** GetVertices: Roof/Ceiling is upside down! Tilt angle=[180.0], should be near 0, Surface="BLOCK 4D40E0364B2F0E16_0 STOREY 2 CEILING 0001_3", in Zone="4D40E0364B2F0E16_F2_DWELLING_0".
   **   ~~~   ** Automatic fix is attempted.
   ** Warning ** GetVertices: Floor is upside down! Tilt angle=[0.0], should be near 180, Surface="BLOCK 4D40E0364B2F0E16_0 STOREY 3 FLOOR 0001_1", in Zone="4D40E0364B2F0E16_F3_DWELLING_0".
   **   ~~~   ** Automatic fix is attempted.
   ** Warning ** GetVertices: Floor is upside down! Tilt angle=[0.0], should be near 180, Surface="BLOCK 4D40E0364B2F0E16_0 STOREY 3 FLOOR 0001_2", in Zone="4D40E0364B2F0E16_F3_DWELLING_0".
   **   ~~~   ** Automatic fix is attempted.
   ** Warning ** GetVertices: Floor is upside down! Tilt angle=[0.0], should be near 180, Surface="BLOCK 4D40E0364B2F0E16_0 STOREY 3 FLOOR 0001_3", in Zone="4D40E0364B2F0E16_F3_DWELLING_0".
   **   ~~~   ** Automatic fix is attempted.
   ** Warning ** GetVertices: Roof/Ceiling is upside down! Tilt angle=[180.0], should be near 0, Surface="BLOCK 4D40E0364B2F0E16_1 STOREY 2 CEILING 0001_1", in Zone="4D40E0364B2F0E16_F2_DWELLING_1".
   **   ~~~   ** Automatic fix is attempted.
   ** Warning ** GetVertices: Roof/Ceiling is upside down! Tilt angle=[180.0], should be near 0, Surface="BLOCK 4D40E0364B2F0E16_1 STOREY 2 CEILING 0001_2", in Zone="4D40E0364B2F0E16_F2_DWELLING_1".
   **   ~~~   ** Automatic fix is attempted.
   ** Warning ** GetVertices: Roof/Ceiling is upside down! Tilt angle=[180.0], should be near 0, Surface="BLOCK 4D40E0364B2F0E16_1 STOREY 2 CEILING 0001_3", in Zone="4D40E0364B2F0E16_F2_DWELLING_1".
   **   ~~~   ** Automatic fix is attempted.
   ** Warning ** GetVertices: Floor is upside down! Tilt angle=[0.0], should be near 180, Surface="BLOCK 4D40E0364B2F0E16_1 STOREY 3 FLOOR 0001_1", in Zone="4D40E0364B2F0E16_F3_DWELLING_1".
   **   ~~~   ** Automatic fix is attempted.
   ** Warning ** GetVertices: Floor is upside down! Tilt angle=[0.0], should be near 180, Surface="BLOCK 4D40E0364B2F0E16_1 STOREY 3 FLOOR 0001_2", in Zone="4D40E0364B2F0E16_F3_DWELLING_1".
   **   ~~~   ** Automatic fix is attempted.
   ** Warning ** GetVertices: Floor is upside down! Tilt angle=[0.0], should be near 180, Surface="BLOCK 4D40E0364B2F0E16_1 STOREY 3 FLOOR 0001_3", in Zone="4D40E0364B2F0E16_F3_DWELLING_1".
   **   ~~~   ** Automatic fix is attempted.
   ** Warning ** GetVertices: Roof/Ceiling is upside down! Tilt angle=[180.0], should be near 0, Surface="BLOCK 4D40E0364B2F0E16_0 STOREY 3 CEILING 0001_1", in Zone="4D40E0364B2F0E16_F3_DWELLING_0".
   **   ~~~   ** Automatic fix is attempted.
   ** Warning ** GetVertices: Roof/Ceiling is upside down! Tilt angle=[180.0], should be near 0, Surface="BLOCK 4D40E0364B2F0E16_0 STOREY 3 CEILING 0001_2", in Zone="4D40E0364B2F0E16_F3_DWELLING_0".
   **   ~~~   ** Automatic fix is attempted.
   ** Warning ** GetVertices: Roof/Ceiling is upside down! Tilt angle=[180.0], should be near 0, Surface="BLOCK 4D40E0364B2F0E16_0 STOREY 3 CEILING 0001_3", in Zone="4D40E0364B2F0E16_F3_DWELLING_0".
   **   ~~~   ** Automatic fix is attempted.
   ** Warning ** GetVertices: Floor is upside down! Tilt angle=[0.0], should be near 180, Surface="BLOCK 4D40E0364B2F0E16_0 STOREY 4 FLOOR 0001_1", in Zone="4D40E0364B2F0E16_F4_DWELLING_0".
   **   ~~~   ** Automatic fix is attempted.
   ** Warning ** GetVertices: Floor is upside down! Tilt angle=[0.0], should be near 180, Surface="BLOCK 4D40E0364B2F0E16_0 STOREY 4 FLOOR 0001_2", in Zone="4D40E0364B2F0E16_F4_DWELLING_0".
   **   ~~~   ** Automatic fix is attempted.
   ** Warning ** GetVertices: Floor is upside down! Tilt angle=[0.0], should be near 180, Surface="BLOCK 4D40E0364B2F0E16_0 STOREY 4 FLOOR 0001_3", in Zone="4D40E0364B2F0E16_F4_DWELLING_0".
   **   ~~~   ** Automatic fix is attempted.
   ** Warning ** GetVertices: Roof/Ceiling is upside down! Tilt angle=[180.0], should be near 0, Surface="BLOCK 4D40E0364B2F0E16_1 STOREY 3 CEILING 0001_1", in Zone="4D40E0364B2F0E16_F3_DWELLING_1".
   **   ~~~   ** Automatic fix is attempted.
   ** Warning ** GetVertices: Roof/Ceiling is upside down! Tilt angle=[180.0], should be near 0, Surface="BLOCK 4D40E0364B2F0E16_1 STOREY 3 CEILING 0001_2", in Zone="4D40E0364B2F0E16_F3_DWELLING_1".
   **   ~~~   ** Automatic fix is attempted.
   ** Warning ** GetVertices: Roof/Ceiling is upside down! Tilt angle=[180.0], should be near 0, Surface="BLOCK 4D40E0364B2F0E16_1 STOREY 3 CEILING 0001_3", in Zone="4D40E0364B2F0E16_F3_DWELLING_1".
   **   ~~~   ** Automatic fix is attempted.
   ** Warning ** GetVertices: Floor is upside down! Tilt angle=[0.0], should be near 180, Surface="BLOCK 4D40E0364B2F0E16_1 STOREY 4 FLOOR 0001_1", in Zone="4D40E0364B2F0E16_F4_DWELLING_1".
   **   ~~~   ** Automatic fix is attempted.
   ** Warning ** GetVertices: Floor is upside down! Tilt angle=[0.0], should be near 180, Surface="BLOCK 4D40E0364B2F0E16_1 STOREY 4 FLOOR 0001_2", in Zone="4D40E0364B2F0E16_F4_DWELLING_1".
   **   ~~~   ** Automatic fix is attempted.
   ** Warning ** GetVertices: Floor is upside down! Tilt angle=[0.0], should be near 180, Surface="BLOCK 4D40E0364B2F0E16_1 STOREY 4 FLOOR 0001_3", in Zone="4D40E0364B2F0E16_F4_DWELLING_1".
   **   ~~~   ** Automatic fix is attempted.
   ** Warning ** GetVertices: Roof/Ceiling is upside down! Tilt angle=[180.0], should be near 0, Surface="BLOCK 4D40E0364B2F0E16_0 STOREY 4 ROOF 0001_1", in Zone="4D40E0364B2F0E16_F4_DWELLING_0".
   **   ~~~   ** Automatic fix is attempted.
   ** Warning ** GetVertices: Roof/Ceiling is upside down! Tilt angle=[180.0], should be near 0, Surface="BLOCK 4D40E0364B2F0E16_0 STOREY 4 ROOF 0001_2", in Zone="4D40E0364B2F0E16_F4_DWELLING_0".
   **   ~~~   ** Automatic fix is attempted.
   ** Warning ** GetVertices: Roof/Ceiling is upside down! Tilt angle=[180.0], should be near 0, Surface="BLOCK 4D40E0364B2F0E16_0 STOREY 4 ROOF 0001_3", in Zone="4D40E0364B2F0E16_F4_DWELLING_0".
   **   ~~~   ** Automatic fix is attempted.
   ** Warning ** GetVertices: Roof/Ceiling is upside down! Tilt angle=[180.0], should be near 0, Surface="BLOCK 4D40E0364B2F0E16_1 STOREY 4 ROOF 0001_1", in Zone="4D40E0364B2F0E16_F4_DWELLING_1".
   **   ~~~   ** Automatic fix is attempted.
   ** Warning ** GetVertices: Roof/Ceiling is upside down! Tilt angle=[180.0], should be near 0, Surface="BLOCK 4D40E0364B2F0E16_1 STOREY 4 ROOF 0001_2", in Zone="4D40E0364B2F0E16_F4_DWELLING_1".
   **   ~~~   ** Automatic fix is attempted.
   ** Warning ** GetVertices: Roof/Ceiling is upside down! Tilt angle=[180.0], should be near 0, Surface="BLOCK 4D40E0364B2F0E16_1 STOREY 4 ROOF 0001_3", in Zone="4D40E0364B2F0E16_F4_DWELLING_1".
   **   ~~~   ** Automatic fix is attempted.
   ** Warning ** GetVertices: Floor is upside down! Tilt angle=[0.0], should be near 180, Surface="BLOCK 4D40E0364B2F0E16_2 STOREY 0 FLOOR 0001_1", in Zone="4D40E0364B2F0E16_F0_DWELLING_2".
   **   ~~~   ** Automatic fix is attempted.
   ** Warning ** GetVertices: Floor is upside down! Tilt angle=[0.0], should be near 180, Surface="BLOCK 4D40E0364B2F0E16_2 STOREY 0 FLOOR 0001_2", in Zone="4D40E0364B2F0E16_F0_DWELLING_2".
   **   ~~~   ** Automatic fix is attempted.
   ** Warning ** GetVertices: Floor is upside down! Tilt angle=[0.0], should be near 180, Surface="BLOCK 4D40E0364B2F0E16_2 STOREY 0 FLOOR 0001_3", in Zone="4D40E0364B2F0E16_F0_DWELLING_2".
   **   ~~~   ** Automatic fix is attempted.
   ** Warning ** GetVertices: Floor is upside down! Tilt angle=[0.0], should be near 180, Surface="BLOCK 4D40E0364B2F0E16_3 STOREY 0 FLOOR 0001_1", in Zone="4D40E0364B2F0E16_F0_DWELLING_3".
   **   ~~~   ** Automatic fix is attempted.
   ** Warning ** GetVertices: Floor is upside down! Tilt angle=[0.0], should be near 180, Surface="BLOCK 4D40E0364B2F0E16_3 STOREY 0 FLOOR 0001_2", in Zone="4D40E0364B2F0E16_F0_DWELLING_3".
   **   ~~~   ** Automatic fix is attempted.
   ** Warning ** GetVertices: Floor is upside down! Tilt angle=[0.0], should be near 180, Surface="BLOCK 4D40E0364B2F0E16_3 STOREY 0 FLOOR 0001_3", in Zone="4D40E0364B2F0E16_F0_DWELLING_3".
   **   ~~~   ** Automatic fix is attempted.
   ** Warning ** GetVertices: Roof/Ceiling is upside down! Tilt angle=[180.0], should be near 0, Surface="BLOCK 4D40E0364B2F0E16_2 STOREY 0 CEILING 0001_1", in Zone="4D40E0364B2F0E16_F0_DWELLING_2".
   **   ~~~   ** Automatic fix is attempted.
   ** Warning ** GetVertices: Roof/Ceiling is upside down! Tilt angle=[180.0], should be near 0, Surface="BLOCK 4D40E0364B2F0E16_2 STOREY 0 CEILING 0001_2", in Zone="4D40E0364B2F0E16_F0_DWELLING_2".
   **   ~~~   ** Automatic fix is attempted.
   ** Warning ** GetVertices: Roof/Ceiling is upside down! Tilt angle=[180.0], should be near 0, Surface="BLOCK 4D40E0364B2F0E16_2 STOREY 0 CEILING 0001_3", in Zone="4D40E0364B2F0E16_F0_DWELLING_2".
   **   ~~~   ** Automatic fix is attempted.
   ** Warning ** GetVertices: Floor is upside down! Tilt angle=[0.0], should be near 180, Surface="BLOCK 4D40E0364B2F0E16_2 STOREY 1 FLOOR 0001_1", in Zone="4D40E0364B2F0E16_F1_DWELLING_2".
   **   ~~~   ** Automatic fix is attempted.
   ** Warning ** GetVertices: Floor is upside down! Tilt angle=[0.0], should be near 180, Surface="BLOCK 4D40E0364B2F0E16_2 STOREY 1 FLOOR 0001_2", in Zone="4D40E0364B2F0E16_F1_DWELLING_2".
   **   ~~~   ** Automatic fix is attempted.
   ** Warning ** GetVertices: Roof/Ceiling is upside down! Tilt angle=[180.0], should be near 0, Surface="BLOCK 4D40E0364B2F0E16_3 STOREY 0 ROOF 0001_1", in Zone="4D40E0364B2F0E16_F0_DWELLING_3".
   **   ~~~   ** Automatic fix is attempted.
   ** Warning ** GetVertices: Roof/Ceiling is upside down! Tilt angle=[180.0], should be near 0, Surface="BLOCK 4D40E0364B2F0E16_3 STOREY 0 ROOF 0001_2", in Zone="4D40E0364B2F0E16_F0_DWELLING_3".
   **   ~~~   ** Automatic fix is attempted.
   ** Warning ** GetVertices: Roof/Ceiling is upside down! Tilt angle=[180.0], should be near 0, Surface="BLOCK 4D40E0364B2F0E16_3 STOREY 0 ROOF 0001_3", in Zone="4D40E0364B2F0E16_F0_DWELLING_3".
   **   ~~~   ** Automatic fix is attempted.
   ** Warning ** GetVertices: Roof/Ceiling is upside down! Tilt angle=[180.0], should be near 0, Surface="BLOCK 4D40E0364B2F0E16_2 STOREY 1 CEILING 0001_1", in Zone="4D40E0364B2F0E16_F1_DWELLING_2".
   **   ~~~   ** Automatic fix is attempted.
   ** Warning ** GetVertices: Floor is upside down! Tilt angle=[0.0], should be near 180, Surface="BLOCK 4D40E0364B2F0E16_2 STOREY 2 FLOOR 0001_1", in Zone="4D40E0364B2F0E16_F2_DWELLING_2".
   **   ~~~   ** Automatic fix is attempted.
   ** Warning ** GetVertices: Roof/Ceiling is upside down! Tilt angle=[180.0], should be near 0, Surface="BLOCK 4D40E0364B2F0E16_2 STOREY 2 CEILING 0001_1", in Zone="4D40E0364B2F0E16_F2_DWELLING_2".
   **   ~~~   ** Automatic fix is attempted.
   ** Warning ** GetVertices: Floor is upside down! Tilt angle=[0.0], should be near 180, Surface="BLOCK 4D40E0364B2F0E16_2 STOREY 3 FLOOR 0001_1", in Zone="4D40E0364B2F0E16_F3_DWELLING_2".
   **   ~~~   ** Automatic fix is attempted.
   ** Warning ** GetVertices: Roof/Ceiling is upside down! Tilt angle=[180.0], should be near 0, Surface="BLOCK 4D40E0364B2F0E16_2 STOREY 3 CEILING 0001_1", in Zone="4D40E0364B2F0E16_F3_DWELLING_2".
   **   ~~~   ** Automatic fix is attempted.
   ** Warning ** GetVertices: Floor is upside down! Tilt angle=[0.0], should be near 180, Surface="BLOCK 4D40E0364B2F0E16_2 STOREY 4 FLOOR 0001_1", in Zone="4D40E0364B2F0E16_F4_DWELLING_2".
   **   ~~~   ** Automatic fix is attempted.
   ** Severe  ** GetSurfaceData: Construction EU_ROOF_CONSTRUCTION of interzone surface BLOCK 4D40E0364B2F0E16_3 STOREY 0 ROOF 0001_1 does not have the same materials in the reverse order as the construction EU_FLOOR_CONSTRUCTION of adjacent surface BLOCK 4D40E0364B2F0E16_2 STOREY 1 FLOOR 0001_2
   **   ~~~   ** or the properties of the reversed layers are not correct due to differing layer front and back side values
   **   ~~~   ** ...this problem for this pair will not be reported again.
   **  Fatal  ** GetSurfaceData: Errors discovered, program terminates.
   ...Summary of Errors that led to program termination:
   ..... Reference severe error count=1
   ..... Last severe error=GetSurfaceData: Construction EU_ROOF_CONSTRUCTION of interzone surface BLOCK 4D40E0364B2F0E16_3 STOREY 0 ROOF 0001_1 does not have the same materials in the reverse order as the construction EU_FLOOR_CONSTRUCTION of adjacent surface BLOCK 4D40E0364B2F0E16_2 STOREY 1 FLOOR 0001_2
   ************* Warning:  Node connection errors not checked - most system input has not been read (see previous warning).
   ************* Fatal error -- final processing.  Program exited before simulations began.  See previous error messages.
   ************* EnergyPlus Warmup Error Summary. During Warmup: 0 Warning; 0 Severe Errors.
   ************* EnergyPlus Sizing Error Summary. During Sizing: 84 Warning; 1 Severe Errors.
   ************* EnergyPlus Terminated--Fatal Error Detected. 84 Warning; 1 Severe Errors; Elapsed Time=00hr 00min  0.59sec
