Program Version,EnergyPlus, Version 23.1.0-87ed9199d4, YMD=2026.09.05 22:00,
   ************* Beginning Zone Sizing Calculations
   ** Warning ** ProcessScheduleInput: Schedule:Constant="EU_ALWAYSON", Blank Schedule Type Limits Name input -- will not be validated.
   ** Warning ** ProcessScheduleInput: Schedule:Constant="EU_COOLINGOFF", Blank Schedule Type Limits Name input -- will not be validated.
   ** Warning ** GetHTSurfaceData: Surfaces with interface to Ground found but no "Ground Temperatures" were input.
   **   ~~~   ** Found first in surface=BLOCK 635E498716218CEA_0 STOREY 0 FLOOR 0001_1
   **   ~~~   ** Defaults, constant throughout the year of (18.0) will be used.
   ** Warning ** GetVertices: Floor is upside down! Tilt angle=[0.0], should be near 180, Surface="BLOCK 635E498716218CEA_0 STOREY 0 FLOOR 0001_1", in Zone="635E498716218CEA_F0_DWELLING_0".
   **   ~~~   ** Automatic fix is attempted.
   ** Warning ** GetVertices: Floor is upside down! Tilt angle=[0.0], should be near 180, Surface="BLOCK 635E498716218CEA_0 STOREY 0 FLOOR 0001_2", in Zone="635E498716218CEA_F0_DWELLING_0".
   **   ~~~   ** Automatic fix is attempted.
   ** Warning ** GetVertices: Floor is upside down! Tilt angle=[0.0], should be near 180, Surface="BLOCK 635E498716218CEA_0 STOREY 0 FLOOR 0001_3", in Zone="635E498716218CEA_F0_DWELLING_0".
   **   ~~~   ** Automatic fix is attempted.
   ** Warning ** GetVertices: Floor is upside down! Tilt angle=[0.0], should be near 180, Surface="BLOCK 635E498716218CEA_0 STOREY 0 FLOOR 0001_4", in Zone="635E498716218CEA_F0_DWELLING_0".
   **   ~~~   ** Automatic fix is attempted.
   ** Warning ** GetVertices: Floor is upside down! Tilt angle=[0.0], should be near 180, Surface="BLOCK 635E498716218CEA_0 STOREY 0 FLOOR 0001_5", in Zone="635E498716218CEA_F0_DWELLING_0".
   **   ~~~   ** Automatic fix is attempted.
   ** Warning ** GetVertices: Floor is upside down! Tilt angle=[0.0], should be near 180, Surface="BLOCK 635E498716218CEA_0 STOREY 0 FLOOR 0001_6", in Zone="635E498716218CEA_F0_DWELLING_0".
   **   ~~~   ** Automatic fix is attempted.
   ** Warning ** GetVertices: Floor is upside down! Tilt angle=[0.0], should be near 180, Surface="BLOCK 635E498716218CEA_1 STOREY 0 FLOOR 0001_1", in Zone="635E498716218CEA_F0_DWELLING_1".
   **   ~~~   ** Automatic fix is attempted.
   ** Warning ** GetVertices: Floor is upside down! Tilt angle=[0.0], should be near 180, Surface="BLOCK 635E498716218CEA_1 STOREY 0 FLOOR 0001_2", in Zone="635E498716218CEA_F0_DWELLING_1".
   **   ~~~   ** Automatic fix is attempted.
   ** Warning ** GetVertices: Floor is upside down! Tilt angle=[0.0], should be near 180, Surface="BLOCK 635E498716218CEA_1 STOREY 0 FLOOR 0001_3", in Zone="635E498716218CEA_F0_DWELLING_1".
   **   ~~~   ** Automatic fix is attempted.
   ** Warning ** GetVertices: Floor is upside down! Tilt angle=[0.0], should be near 180, Surface="BLOCK 635E498716218CEA_2 STOREY 0 FLOOR 0001_1", in Zone="635E498716218CEA_F0_DWELLING_2".
   **   ~~~   ** Automatic fix is attempted.
   ** Warning ** GetVertices: Floor is upside down! Tilt angle=[0.0], should be near 180, Surface="BLOCK 635E498716218CEA_2 STOREY 0 FLOOR 0001_2", in Zone="635E498716218CEA_F0_DWELLING_2".
   **   ~~~   ** Automatic fix is attempted.
   ** Warning ** GetVertices: Floor is upside down! Tilt angle=[0.0], should be near 180, Surface="BLOCK 635E498716218CEA_2 STOREY 0 FLOOR 0001_3", in Zone="635E498716218CEA_F0_DWELLING_2".
   **   ~~~   ** Automatic fix is attempted.
   ** Warning ** GetVertices: Floor is upside down! Tilt angle=[0.0], should be near 180, Surface="BLOCK 635E498716218CEA_2 STOREY 0 FLOOR 0001_4", in Zone="635E498716218CEA_F0_DWELLING_2".
   **   ~~~   ** Automatic fix is attempted.
   ** Warning ** GetVertices: Roof/Ceiling is upside down! Tilt angle=[180.0], should be near 0, Surface="BLOCK 635E498716218CEA_0 STOREY 0 CEILING 0001_1", in Zone="635E498716218CEA_F0_DWELLING_0".
   **   ~~~   ** Automatic fix is attempted.
   ** Warning ** GetVertices: Roof/Ceiling is upside down! Tilt angle=[180.0], should be near 0, Surface="BLOCK 635E498716218CEA_0 STOREY 0 CEILING 0001_2", in Zone="635E498716218CEA_F0_DWELLING_0".
   **   ~~~   ** Automatic fix is attempted.
   ** Warning ** GetVertices: Roof/Ceiling is upside down! Tilt angle=[180.0], should be near 0, Surface="BLOCK 635E498716218CEA_0 STOREY 0 CEILING 0001_3", in Zone="635E498716218CEA_F0_DWELLING_0".
   **   ~~~   ** Automatic fix is attempted.
   ** Warning ** GetVertices: Roof/Ceiling is upside down! Tilt angle=[180.0], should be near 0, Surface="BLOCK 635E498716218CEA_0 STOREY 0 CEILING 0001_4", in Zone="635E498716218CEA_F0_DWELLING_0".
   **   ~~~   ** Automatic fix is attempted.
   ** Warning ** GetVertices: Roof/Ceiling is upside down! Tilt angle=[180.0], should be near 0, Surface="BLOCK 635E498716218CEA_0 STOREY 0 CEILING 0001_5", in Zone="635E498716218CEA_F0_DWELLING_0".
   **   ~~~   ** Automatic fix is attempted.
   ** Warning ** GetVertices: Roof/Ceiling is upside down! Tilt angle=[180.0], should be near 0, Surface="BLOCK 635E498716218CEA_0 STOREY 0 CEILING 0001_6", in Zone="635E498716218CEA_F0_DWELLING_0".
   **   ~~~   ** Automatic fix is attempted.
   ** Warning ** GetVertices: Floor is upside down! Tilt angle=[0.0], should be near 180, Surface="BLOCK 635E498716218CEA_0 STOREY 1 FLOOR 0001_1", in Zone="635E498716218CEA_F1_DWELLING_0".
   **   ~~~   ** Automatic fix is attempted.
   ** Warning ** GetVertices: Floor is upside down! Tilt angle=[0.0], should be near 180, Surface="BLOCK 635E498716218CEA_0 STOREY 1 FLOOR 0001_2", in Zone="635E498716218CEA_F1_DWELLING_0".
   **   ~~~   ** Automatic fix is attempted.
   ** Warning ** GetVertices: Floor is upside down! Tilt angle=[0.0], should be near 180, Surface="BLOCK 635E498716218CEA_0 STOREY 1 FLOOR 0001_3", in Zone="635E498716218CEA_F1_DWELLING_0".
   **   ~~~   ** Automatic fix is attempted.
   ** Warning ** GetVertices: Floor is upside down! Tilt angle=[0.0], should be near 180, Surface="BLOCK 635E498716218CEA_0 STOREY 1 FLOOR 0001_4", in Zone="635E498716218CEA_F1_DWELLING_0".
   **   ~~~   ** Automatic fix is attempted.
   ** Warning ** GetVertices: Floor is upside down! Tilt angle=[0.0], should be near 180, Surface="BLOCK 635E498716218CEA_0 STOREY 1 FLOOR 0001_5", in Zone="635E498716218CEA_F1_DWELLING_0".
   **   ~~~   ** Automatic fix is attempted.
   ** Warning ** GetVertices: Floor is upside down! Tilt angle=[0.0], should be near 180, Surface="BLOCK 635E498716218CEA_0 STOREY 1 FLOOR 0001_6", in Zone="635E498716218CEA_F1_DWELLING_0".
   **   ~~~   ** Automatic fix is attempted.
   ** Warning ** GetVertices: Roof/Ceiling is upside down! Tilt angle=[180.0], should be near 0, Surface="BLOCK 635E498716218CEA_1 STOREY 0 CEILING 0001_1", in Zone="635E498716218CEA_F0_DWELLING_1".
   **   ~~~   ** Automatic fix is attempted.
   ** Warning ** GetVertices: Roof/Ceiling is upside down! Tilt angle=[180.0], should be near 0, Surface="BLOCK 635E498716218CEA_1 STOREY 0 CEILING 0001_2", in Zone="635E498716218CEA_F0_DWELLING_1".
   **   ~~~   ** Automatic fix is attempted.
   ** Warning ** GetVertices: Roof/Ceiling is upside down! Tilt angle=[180.0], should be near 0, Surface="BLOCK 635E498716218CEA_1 STOREY 0 CEILING 0001_3", in Zone="635E498716218CEA_F0_DWELLING_1".
   **   ~~~   ** Automatic fix is attempted.
   ** Warning ** GetVertices: Floor is upside down! Tilt angle=[0.0], should be near 180, Surface="BLOCK 635E498716218CEA_1 STOREY 1 FLOOR 0001_1", in Zone="635E498716218CEA_F1_DWELLING_1".
   **   ~~~   ** Automatic fix is attempted.
   ** Warning ** GetVertices: Floor is upside down! Tilt angle=[0.0], should be near 180, Surface="BLOCK 635E498716218CEA_1 STOREY 1 FLOOR 0001_2", in Zone="635E498716218CEA_F1_DWELLING_1".
   **   ~~~   ** Automatic fix is attempted.
   ** Warning ** GetVertices: Floor is upside down! Tilt angle=[0.0], should be near 180, Surface="BLOCK 635E498716218CEA_1 STOREY 1 FLOOR 0001_3", in Zone="635E498716218CEA_F1_DWELLING_1".
   **   ~~~   ** Automatic fix is attempted.
   ** Warning ** GetVertices: Roof/Ceiling is upside down! Tilt angle=[180.0], should be near 0, Surface="BLOCK 635E498716218CEA_2 STOREY 0 CEILING 0001_1", in Zone="635E498716218CEA_F0_DWELLING_2".
   **   ~~~   ** Automatic fix is attempted.
   ** Warning ** GetVertices: Roof/Ceiling is upside down! Tilt angle=[180.0], should be near 0, Surface="BLOCK 635E498716218CEA_2 STOREY 0 CEILING 0001_2", in Zone="635E498716218CEA_F0_DWELLING_2".
   **   ~~~   ** Automatic fix is attempted.
   ** Warning ** GetVertices: Roof/Ceiling is upside down! Tilt angle=[180.0], should be near 0, Surface="BLOCK 635E498716218CEA_2 STOREY 0 CEILING 0001_3", in Zone="635E498716218CEA_F0_DWELLING_2".
   **   ~~~   ** Automatic fix is attempted.
   ** Warning ** GetVertices: Roof/Ceiling is upside down! Tilt angle=[180.0], should be near 0, Surface="BLOCK 635E498716218CEA_2 STOREY 0 CEILING 0001_4", in Zone="635E498716218CEA_F0_DWELLING_2".
   **   ~~~   ** Automatic fix is attempted.
   ** Warning ** GetVertices: Floor is upside down! Tilt angle=[0.0], should be near 180, Surface="BLOCK 635E498716218CEA_2 STOREY 1 FLOOR 0001_1", in Zone="635E498716218CEA_F1_DWELLING_2".
   **   ~~~   ** Automatic fix is attempted.
   ** Warning ** GetVertices: Floor is upside down! Tilt angle=[0.0], should be near 180, Surface="BLOCK 635E498716218CEA_2 STOREY 1 FLOOR 0001_2", in Zone="635E498716218CEA_F1_DWELLING_2".
   **   ~~~   ** Automatic fix is attempted.
   ** Warning ** GetVertices: Floor is upside down! Tilt angle=[0.0], should be near 180, Surface="BLOCK 635E498716218CEA_2 STOREY 1 FLOOR 0001_3", in Zone="635E498716218CEA_F1_DWELLING_2".
   **   ~~~   ** Automatic fix is attempted.
   ** Warning ** GetVertices: Floor is upside down! Tilt angle=[0.0], should be near 180, Surface="BLOCK 635E498716218CEA_2 STOREY 1 FLOOR 0001_4", in Zone="635E498716218CEA_F1_DWELLING_2".
   **   ~~~   ** Automatic fix is attempted.
   ** Warning ** GetVertices: Roof/Ceiling is upside down! Tilt angle=[180.0], should be near 0, Surface="BLOCK 635E498716218CEA_0 STOREY 1 CEILING 0001_1", in Zone="635E498716218CEA_F1_DWELLING_0".
   **   ~~~   ** Automatic fix is attempted.
   ** Warning ** GetVertices: Roof/Ceiling is upside down! Tilt angle=[180.0], should be near 0, Surface="BLOCK 635E498716218CEA_0 STOREY 1 CEILING 0001_2", in Zone="635E498716218CEA_F1_DWELLING_0".
   **   ~~~   ** Automatic fix is attempted.
   ** Warning ** GetVertices: Roof/Ceiling is upside down! Tilt angle=[180.0], should be near 0, Surface="BLOCK 635E498716218CEA_0 STOREY 1 CEILING 0001_3", in Zone="635E498716218CEA_F1_DWELLING_0".
   **   ~~~   ** Automatic fix is attempted.
   ** Warning ** GetVertices: Roof/Ceiling is upside down! Tilt angle=[180.0], should be near 0, Surface="BLOCK 635E498716218CEA_0 STOREY 1 CEILING 0001_4", in Zone="635E498716218CEA_F1_DWELLING_0".
   **   ~~~   ** Automatic fix is attempted.
   ** Warning ** GetVertices: Roof/Ceiling is upside down! Tilt angle=[180.0], should be near 0, Surface="BLOCK 635E498716218CEA_0 STOREY 1 CEILING 0001_5", in Zone="635E498716218CEA_F1_DWELLING_0".
   **   ~~~   ** Automatic fix is attempted.
   ** Warning ** GetVertices: Roof/Ceiling is upside down! Tilt angle=[180.0], should be near 0, Surface="BLOCK 635E498716218CEA_0 STOREY 1 CEILING 0001_6", in Zone="635E498716218CEA_F1_DWELLING_0".
   **   ~~~   ** Automatic fix is attempted.
   ** Warning ** GetVertices: Floor is upside down! Tilt angle=[0.0], should be near 180, Surface="BLOCK 635E498716218CEA_0 STOREY 2 FLOOR 0001_1", in Zone="635E498716218CEA_F2_DWELLING_0".
   **   ~~~   ** Automatic fix is attempted.
   ** Warning ** GetVertices: Floor is upside down! Tilt angle=[0.0], should be near 180, Surface="BLOCK 635E498716218CEA_0 STOREY 2 FLOOR 0001_2", in Zone="635E498716218CEA_F2_DWELLING_0".
   **   ~~~   ** Automatic fix is attempted.
   ** Warning ** GetVertices: Floor is upside down! Tilt angle=[0.0], should be near 180, Surface="BLOCK 635E498716218CEA_0 STOREY 2 FLOOR 0001_3", in Zone="635E498716218CEA_F2_DWELLING_0".
   **   ~~~   ** Automatic fix is attempted.
   ** Warning ** GetVertices: Floor is upside down! Tilt angle=[0.0], should be near 180, Surface="BLOCK 635E498716218CEA_0 STOREY 2 FLOOR 0001_4", in Zone="635E498716218CEA_F2_DWELLING_0".
   **   ~~~   ** Automatic fix is attempted.
   ** Warning ** GetVertices: Floor is upside down! Tilt angle=[0.0], should be near 180, Surface="BLOCK 635E498716218CEA_0 STOREY 2 FLOOR 0001_5", in Zone="635E498716218CEA_F2_DWELLING_0".
   **   ~~~   ** Automatic fix is attempted.
   ** Warning ** GetVertices: Floor is upside down! Tilt angle=[0.0], should be near 180, Surface="BLOCK 635E498716218CEA_0 STOREY 2 FLOOR 0001_6", in Zone="635E498716218CEA_F2_DWELLING_0".
   **   ~~~   ** Automatic fix is attempted.
   ** Warning ** GetVertices: Roof/Ceiling is upside down! Tilt angle=[180.0], should be near 0, Surface="BLOCK 635E498716218CEA_1 STOREY 1 CEILING 0001_1", in Zone="635E498716218CEA_F1_DWELLING_1".
   **   ~~~   ** Automatic fix is attempted.
   ** Warning ** GetVertices: Roof/Ceiling is upside down! Tilt angle=[180.0], should be near 0, Surface="BLOCK 635E498716218CEA_1 STOREY 1 CEILING 0001_2", in Zone="635E498716218CEA_F1_DWELLING_1".
   **   ~~~   ** Automatic fix is attempted.
   ** Warning ** GetVertices: Roof/Ceiling is upside down! Tilt angle=[180.0], should be near 0, Surface="BLOCK 635E498716218CEA_1 STOREY 1 CEILING 0001_3", in Zone="635E498716218CEA_F1_DWELLING_1".
   **   ~~~   ** Automatic fix is attempted.
   ** Warning ** GetVertices: Floor is upside down! Tilt angle=[0.0], should be near 180, Surface="BLOCK 635E498716218CEA_1 STOREY 2 FLOOR 0001_1", in Zone="635E498716218CEA_F2_DWELLING_1".
   **   ~~~   ** Automatic fix is attempted.
   ** Warning ** GetVertices: Floor is upside down! Tilt angle=[0.0], should be near 180, Surface="BLOCK 635E498716218CEA_1 STOREY 2 FLOOR 0001_2", in Zone="635E498716218CEA_F2_DWELLING_1".
   **   ~~~   ** Automatic fix is attempted.
   ** Warning ** GetVertices: Floor is upside down! Tilt angle=[0.0], should be near 180, Surface="BLOCK 635E498716218CEA_1 STOREY 2 FLOOR 0001_3", in Zone="635E498716218CEA_F2_DWELLING_1".
   **   ~~~   ** Automatic fix is attempted.
   ** Warning ** GetVertices: Roof/Ceiling is upside down! Tilt angle=[180.0], should be near 0, Surface="BLOCK 635E498716218CEA_2 STOREY 1 CEILING 0001_1", in Zone="635E498716218CEA_F1_DWELLING_2".
   **   ~~~   ** Automatic fix is attempted.
   ** Warning ** GetVertices: Roof/Ceiling is upside down! Tilt angle=[180.0], should be near 0, Surface="BLOCK 635E498716218CEA_2 STOREY 1 CEILING 0001_2", in Zone="635E498716218CEA_F1_DWELLING_2".
   **   ~~~   ** Automatic fix is attempted.
   ** Warning ** GetVertices: Roof/Ceiling is upside down! Tilt angle=[180.0], should be near 0, Surface="BLOCK 635E498716218CEA_2 STOREY 1 CEILING 0001_3", in Zone="635E498716218CEA_F1_DWELLING_2".
   **   ~~~   ** Automatic fix is attempted.
   ** Warning ** GetVertices: Roof/Ceiling is upside down! Tilt angle=[180.0], should be near 0, Surface="BLOCK 635E498716218CEA_2 STOREY 1 CEILING 0001_4", in Zone="635E498716218CEA_F1_DWELLING_2".
   **   ~~~   ** Automatic fix is attempted.
   ** Warning ** GetVertices: Floor is upside down! Tilt angle=[0.0], should be near 180, Surface="BLOCK 635E498716218CEA_2 STOREY 2 FLOOR 0001_1", in Zone="635E498716218CEA_F2_DWELLING_2".
   **   ~~~   ** Automatic fix is attempted.
   ** Warning ** GetVertices: Floor is upside down! Tilt angle=[0.0], should be near 180, Surface="BLOCK 635E498716218CEA_2 STOREY 2 FLOOR 0001_2", in Zone="635E498716218CEA_F2_DWELLING_2".
   **   ~~~   ** Automatic fix is attempted.
   ** Warning ** GetVertices: Floor is upside down! Tilt angle=[0.0], should be near 180, Surface="BLOCK 635E498716218CEA_2 STOREY 2 FLOOR 0001_3", in Zone="635E498716218CEA_F2_DWELLING_2".
   **   ~~~   ** Automatic fix is attempted.
   ** Warning ** GetVertices: Floor is upside down! Tilt angle=[0.0], should be near 180, Surface="BLOCK 635E498716218CEA_2 STOREY 2 FLOOR 0001_4", in Zone="635E498716218CEA_F2_DWELLING_2".
   **   ~~~   ** Automatic fix is attempted.
   ** Warning ** GetVertices: Roof/Ceiling is upside down! Tilt angle=[180.0], should be near 0, Surface="BLOCK 635E498716218CEA_0 STOREY 2 CEILING 0001_1", in Zone="635E498716218CEA_F2_DWELLING_0".
   **   ~~~   ** Automatic fix is attempted.
   ** Warning ** GetVertices: Roof/Ceiling is upside down! Tilt angle=[180.0], should be near 0, Surface="BLOCK 635E498716218CEA_0 STOREY 2 CEILING 0001_2", in Zone="635E498716218CEA_F2_DWELLING_0".
   **   ~~~   ** Automatic fix is attempted.
   ** Warning ** GetVertices: Roof/Ceiling is upside down! Tilt angle=[180.0], should be near 0, Surface="BLOCK 635E498716218CEA_0 STOREY 2 CEILING 0001_3", in Zone="635E498716218CEA_F2_DWELLING_0".
   **   ~~~   ** Automatic fix is attempted.
   ** Warning ** GetVertices: Roof/Ceiling is upside down! Tilt angle=[180.0], should be near 0, Surface="BLOCK 635E498716218CEA_0 STOREY 2 CEILING 0001_4", in Zone="635E498716218CEA_F2_DWELLING_0".
   **   ~~~   ** Automatic fix is attempted.
   ** Warning ** GetVertices: Roof/Ceiling is upside down! Tilt angle=[180.0], should be near 0, Surface="BLOCK 635E498716218CEA_0 STOREY 2 CEILING 0001_5", in Zone="635E498716218CEA_F2_DWELLING_0".
   **   ~~~   ** Automatic fix is attempted.
   ** Warning ** GetVertices: Roof/Ceiling is upside down! Tilt angle=[180.0], should be near 0, Surface="BLOCK 635E498716218CEA_0 STOREY 2 CEILING 0001_6", in Zone="635E498716218CEA_F2_DWELLING_0".
   **   ~~~   ** Automatic fix is attempted.
   ** Warning ** GetVertices: Floor is upside down! Tilt angle=[0.0], should be near 180, Surface="BLOCK 635E498716218CEA_0 STOREY 3 FLOOR 0001_1", in Zone="635E498716218CEA_F3_DWELLING_0".
   **   ~~~   ** Automatic fix is attempted.
   ** Warning ** GetVertices: Floor is upside down! Tilt angle=[0.0], should be near 180, Surface="BLOCK 635E498716218CEA_0 STOREY 3 FLOOR 0001_2", in Zone="635E498716218CEA_F3_DWELLING_0".
   **   ~~~   ** Automatic fix is attempted.
   ** Warning ** GetVertices: Floor is upside down! Tilt angle=[0.0], should be near 180, Surface="BLOCK 635E498716218CEA_0 STOREY 3 FLOOR 0001_3", in Zone="635E498716218CEA_F3_DWELLING_0".
   **   ~~~   ** Automatic fix is attempted.
   ** Warning ** GetVertices: Floor is upside down! Tilt angle=[0.0], should be near 180, Surface="BLOCK 635E498716218CEA_0 STOREY 3 FLOOR 0001_4", in Zone="635E498716218CEA_F3_DWELLING_0".
   **   ~~~   ** Automatic fix is attempted.
   ** Warning ** GetVertices: Floor is upside down! Tilt angle=[0.0], should be near 180, Surface="BLOCK 635E498716218CEA_0 STOREY 3 FLOOR 0001_5", in Zone="635E498716218CEA_F3_DWELLING_0".
   **   ~~~   ** Automatic fix is attempted.
   ** Warning ** GetVertices: Floor is upside down! Tilt angle=[0.0], should be near 180, Surface="BLOCK 635E498716218CEA_0 STOREY 3 FLOOR 0001_6", in Zone="635E498716218CEA_F3_DWELLING_0".
   **   ~~~   ** Automatic fix is attempted.
   ** Warning ** GetVertices: Roof/Ceiling is upside down! Tilt angle=[180.0], should be near 0, Surface="BLOCK 635E498716218CEA_1 STOREY 2 CEILING 0001_1", in Zone="635E498716218CEA_F2_DWELLING_1".
   **   ~~~   ** Automatic fix is attempted.
   ** Warning ** GetVertices: Roof/Ceiling is upside down! Tilt angle=[180.0], should be near 0, Surface="BLOCK 635E498716218CEA_1 STOREY 2 CEILING 0001_2", in Zone="635E498716218CEA_F2_DWELLING_1".
   **   ~~~   ** Automatic fix is attempted.
   ** Warning ** GetVertices: Roof/Ceiling is upside down! Tilt angle=[180.0], should be near 0, Surface="BLOCK 635E498716218CEA_1 STOREY 2 CEILING 0001_3", in Zone="635E498716218CEA_F2_DWELLING_1".
   **   ~~~   ** Automatic fix is attempted.
   ** Warning ** GetVertices: Floor is upside down! Tilt angle=[0.0], should be near 180, Surface="BLOCK 635E498716218CEA_1 STOREY 3 FLOOR 0001_1", in Zone="635E498716218CEA_F3_DWELLING_1".
   **   ~~~   ** Automatic fix is attempted.
   ** Warning ** GetVertices: Floor is upside down! Tilt angle=[0.0], should be near 180, Surface="BLOCK 635E498716218CEA_1 STOREY 3 FLOOR 0001_2", in Zone="635E498716218CEA_F3_DWELLING_1".
   **   ~~~   ** Automatic fix is attempted.
   ** Warning ** GetVertices: Floor is upside down! Tilt angle=[0.0], should be near 180, Surface="BLOCK 635E498716218CEA_1 STOREY 3 FLOOR 0001_3", in Zone="635E498716218CEA_F3_DWELLING_1".
   **   ~~~   ** Automatic fix is attempted.
   ** Warning ** GetVertices: Roof/Ceiling is upside down! Tilt angle=[180.0], should be near 0, Surface="BLOCK 635E498716218CEA_2 STOREY 2 CEILING 0001_1", in Zone="635E498716218CEA_F2_DWELLING_2".
   **   ~~~   ** Automatic fix is attempted.
   ** Warning ** GetVertices: Roof/Ceiling is upside down! Tilt angle=[180.0], should be near 0, Surface="BLOCK 635E498716218CEA_2 STOREY 2 CEILING 0001_2", in Zone="635E498716218CEA_F2_DWELLING_2".
   **   ~~~   ** Automatic fix is attempted.
   ** Warning ** GetVertices: Roof/Ceiling is upside down! Tilt angle=[180.0], should be near 0, Surface="BLOCK 635E498716218CEA_2 STOREY 2 CEILING 0001_3", in Zone="635E498716218CEA_F2_DWELLING_2".
   **   ~~~   ** Automatic fix is attempted.
   ** Warning ** GetVertices: Roof/Ceiling is upside down! Tilt angle=[180.0], should be near 0, Surface="BLOCK 635E498716218CEA_2 STOREY 2 CEILING 0001_4", in Zone="635E498716218CEA_F2_DWELLING_2".
   **   ~~~   ** Automatic fix is attempted.
   ** Warning ** GetVertices: Floor is upside down! Tilt angle=[0.0], should be near 180, Surface="BLOCK 635E498716218CEA_2 STOREY 3 FLOOR 0001_1", in Zone="635E498716218CEA_F3_DWELLING_2".
   **   ~~~   ** Automatic fix is attempted.
   ** Warning ** GetVertices: Floor is upside down! Tilt angle=[0.0], should be near 180, Surface="BLOCK 635E498716218CEA_2 STOREY 3 FLOOR 0001_2", in Zone="635E498716218CEA_F3_DWELLING_2".
   **   ~~~   ** Automatic fix is attempted.
   ** Warning ** GetVertices: Floor is upside down! Tilt angle=[0.0], should be near 180, Surface="BLOCK 635E498716218CEA_2 STOREY 3 FLOOR 0001_3", in Zone="635E498716218CEA_F3_DWELLING_2".
   **   ~~~   ** Automatic fix is attempted.
   ** Warning ** GetVertices: Floor is upside down! Tilt angle=[0.0], should be near 180, Surface="BLOCK 635E498716218CEA_2 STOREY 3 FLOOR 0001_4", in Zone="635E498716218CEA_F3_DWELLING_2".
   **   ~~~   ** Automatic fix is attempted.
   ** Warning ** GetVertices: Roof/Ceiling is upside down! Tilt angle=[180.0], should be near 0, Surface="BLOCK 635E498716218CEA_0 STOREY 3 CEILING 0001_1", in Zone="635E498716218CEA_F3_DWELLING_0".
   **   ~~~   ** Automatic fix is attempted.
   ** Warning ** GetVertices: Roof/Ceiling is upside down! Tilt angle=[180.0], should be near 0, Surface="BLOCK 635E498716218CEA_0 STOREY 3 CEILING 0001_2", in Zone="635E498716218CEA_F3_DWELLING_0".
   **   ~~~   ** Automatic fix is attempted.
   ** Warning ** GetVertices: Roof/Ceiling is upside down! Tilt angle=[180.0], should be near 0, Surface="BLOCK 635E498716218CEA_0 STOREY 3 CEILING 0001_3", in Zone="635E498716218CEA_F3_DWELLING_0".
   **   ~~~   ** Automatic fix is attempted.
   ** Warning ** GetVertices: Roof/Ceiling is upside down! Tilt angle=[180.0], should be near 0, Surface="BLOCK 635E498716218CEA_0 STOREY 3 CEILING 0001_4", in Zone="635E498716218CEA_F3_DWELLING_0".
   **   ~~~   ** Automatic fix is attempted.
   ** Warning ** GetVertices: Roof/Ceiling is upside down! Tilt angle=[180.0], should be near 0, Surface="BLOCK 635E498716218CEA_0 STOREY 3 CEILING 0001_5", in Zone="635E498716218CEA_F3_DWELLING_0".
   **   ~~~   ** Automatic fix is attempted.
   ** Warning ** GetVertices: Roof/Ceiling is upside down! Tilt angle=[180.0], should be near 0, Surface="BLOCK 635E498716218CEA_0 STOREY 3 CEILING 0001_6", in Zone="635E498716218CEA_F3_DWELLING_0".
   **   ~~~   ** Automatic fix is attempted.
   ** Warning ** GetVertices: Floor is upside down! Tilt angle=[0.0], should be near 180, Surface="BLOCK 635E498716218CEA_0 STOREY 4 FLOOR 0001_1", in Zone="635E498716218CEA_F4_DWELLING_0".
   **   ~~~   ** Automatic fix is attempted.
   ** Warning ** GetVertices: Floor is upside down! Tilt angle=[0.0], should be near 180, Surface="BLOCK 635E498716218CEA_0 STOREY 4 FLOOR 0001_2", in Zone="635E498716218CEA_F4_DWELLING_0".
   **   ~~~   ** Automatic fix is attempted.
   ** Warning ** GetVertices: Floor is upside down! Tilt angle=[0.0], should be near 180, Surface="BLOCK 635E498716218CEA_0 STOREY 4 FLOOR 0001_3", in Zone="635E498716218CEA_F4_DWELLING_0".
   **   ~~~   ** Automatic fix is attempted.
   ** Warning ** GetVertices: Floor is upside down! Tilt angle=[0.0], should be near 180, Surface="BLOCK 635E498716218CEA_0 STOREY 4 FLOOR 0001_4", in Zone="635E498716218CEA_F4_DWELLING_0".
   **   ~~~   ** Automatic fix is attempted.
   ** Warning ** GetVertices: Roof/Ceiling is upside down! Tilt angle=[180.0], should be near 0, Surface="BLOCK 635E498716218CEA_1 STOREY 3 CEILING 0001_1", in Zone="635E498716218CEA_F3_DWELLING_1".
   **   ~~~   ** Automatic fix is attempted.
   ** Warning ** GetVertices: Roof/Ceiling is upside down! Tilt angle=[180.0], should be near 0, Surface="BLOCK 635E498716218CEA_1 STOREY 3 CEILING 0001_2", in Zone="635E498716218CEA_F3_DWELLING_1".
   **   ~~~   ** Automatic fix is attempted.
   ** Warning ** GetVertices: Roof/Ceiling is upside down! Tilt angle=[180.0], should be near 0, Surface="BLOCK 635E498716218CEA_1 STOREY 3 CEILING 0001_3", in Zone="635E498716218CEA_F3_DWELLING_1".
   **   ~~~   ** Automatic fix is attempted.
   ** Warning ** GetVertices: Floor is upside down! Tilt angle=[0.0], should be near 180, Surface="BLOCK 635E498716218CEA_1 STOREY 4 FLOOR 0001_1", in Zone="635E498716218CEA_F4_DWELLING_1".
   **   ~~~   ** Automatic fix is attempted.
   ** Warning ** GetVertices: Floor is upside down! Tilt angle=[0.0], should be near 180, Surface="BLOCK 635E498716218CEA_1 STOREY 4 FLOOR 0001_2", in Zone="635E498716218CEA_F4_DWELLING_1".
   **   ~~~   ** Automatic fix is attempted.
   ** Warning ** GetVertices: Floor is upside down! Tilt angle=[0.0], should be near 180, Surface="BLOCK 635E498716218CEA_1 STOREY 4 FLOOR 0001_3", in Zone="635E498716218CEA_F4_DWELLING_1".
   **   ~~~   ** Automatic fix is attempted.
   ** Warning ** GetVertices: Roof/Ceiling is upside down! Tilt angle=[180.0], should be near 0, Surface="BLOCK 635E498716218CEA_2 STOREY 3 ROOF 0001_1", in Zone="635E498716218CEA_F3_DWELLING_2".
   **   ~~~   ** Automatic fix is attempted.
   ** Warning ** GetVertices: Roof/Ceiling is upside down! Tilt angle=[180.0], should be near 0, Surface="BLOCK 635E498716218CEA_2 STOREY 3 ROOF 0001_2", in Zone="635E498716218CEA_F3_DWELLING_2".
   **   ~~~   ** Automatic fix is attempted.
   ** Warning ** GetVertices: Roof/Ceiling is upside down! Tilt angle=[180.0], should be near 0, Surface="BLOCK 635E498716218CEA_2 STOREY 3 ROOF 0001_3", in Zone="635E498716218CEA_F3_DWELLING_2".
   **   ~~~   ** Automatic fix is attempted.
   ** Warning ** GetVertices: Roof/Ceiling is upside down! Tilt angle=[180.0], should be near 0, Surface="BLOCK 635E498716218CEA_2 STOREY 3 ROOF 0001_4", in Zone="635E498716218CEA_F3_DWELLING_2".
   **   ~~~   ** Automatic fix is attempted.
   ** Warning ** GetVertices: Roof/Ceiling is upside down! Tilt angle=[180.0], should be near 0, Surface="BLOCK 635E498716218CEA_0 STOREY 4 CEILING 0001_1", in Zone="635E498716218CEA_F4_DWELLING_0".
   **   ~~~   ** Automatic fix is attempted.
   ** Warning ** GetVertices: Roof/Ceiling is upside down! Tilt angle=[180.0], should be near 0, Surface="BLOCK 635E498716218CEA_0 STOREY 4 CEILING 0001_2", in Zone="635E498716218CEA_F4_DWELLING_0".
   **   ~~~   ** Automatic fix is attempted.
   ** Warning ** GetVertices: Roof/Ceiling is upside down! Tilt angle=[180.0], should be near 0, Surface="BLOCK 635E498716218CEA_0 STOREY 4 CEILING 0001_3", in Zone="635E498716218CEA_F4_DWELLING_0".
   **   ~~~   ** Automatic fix is attempted.
   ** Warning ** GetVertices: Floor is upside down! Tilt angle=[0.0], should be near 180, Surface="BLOCK 635E498716218CEA_0 STOREY 5 FLOOR 0001_1", in Zone="635E498716218CEA_F5_DWELLING_0".
   **   ~~~   ** Automatic fix is attempted.
   ** Warning ** GetVertices: Floor is upside down! Tilt angle=[0.0], should be near 180, Surface="BLOCK 635E498716218CEA_0 STOREY 5 FLOOR 0001_2", in Zone="635E498716218CEA_F5_DWELLING_0".
   **   ~~~   ** Automatic fix is attempted.
   ** Warning ** GetVertices: Floor is upside down! Tilt angle=[0.0], should be near 180, Surface="BLOCK 635E498716218CEA_0 STOREY 5 FLOOR 0001_3", in Zone="635E498716218CEA_F5_DWELLING_0".
   **   ~~~   ** Automatic fix is attempted.
   ** Warning ** GetVertices: Roof/Ceiling is upside down! Tilt angle=[180.0], should be near 0, Surface="BLOCK 635E498716218CEA_1 STOREY 4 CEILING 0001_1", in Zone="635E498716218CEA_F4_DWELLING_1".
   **   ~~~   ** Automatic fix is attempted.
   ** Warning ** GetVertices: Roof/Ceiling is upside down! Tilt angle=[180.0], should be near 0, Surface="BLOCK 635E498716218CEA_1 STOREY 4 CEILING 0001_2", in Zone="635E498716218CEA_F4_DWELLING_1".
   **   ~~~   ** Automatic fix is attempted.
   ** Warning ** GetVertices: Roof/Ceiling is upside down! Tilt angle=[180.0], should be near 0, Surface="BLOCK 635E498716218CEA_1 STOREY 4 CEILING 0001_3", in Zone="635E498716218CEA_F4_DWELLING_1".
   **   ~~~   ** Automatic fix is attempted.
   ** Warning ** GetVertices: Floor is upside down! Tilt angle=[0.0], should be near 180, Surface="BLOCK 635E498716218CEA_1 STOREY 5 FLOOR 0001_1", in Zone="635E498716218CEA_F5_DWELLING_1".
   **   ~~~   ** Automatic fix is attempted.
   ** Warning ** GetVertices: Floor is upside down! Tilt angle=[0.0], should be near 180, Surface="BLOCK 635E498716218CEA_1 STOREY 5 FLOOR 0001_2", in Zone="635E498716218CEA_F5_DWELLING_1".
   **   ~~~   ** Automatic fix is attempted.
   ** Warning ** GetVertices: Floor is upside down! Tilt angle=[0.0], should be near 180, Surface="BLOCK 635E498716218CEA_1 STOREY 5 FLOOR 0001_3", in Zone="635E498716218CEA_F5_DWELLING_1".
   **   ~~~   ** Automatic fix is attempted.
   ** Warning ** GetVertices: Roof/Ceiling is upside down! Tilt angle=[180.0], should be near 0, Surface="BLOCK 635E498716218CEA_0 STOREY 5 ROOF 0001_1", in Zone="635E498716218CEA_F5_DWELLING_0".
   **   ~~~   ** Automatic fix is attempted.
   ** Warning ** GetVertices: Roof/Ceiling is upside down! Tilt angle=[180.0], should be near 0, Surface="BLOCK 635E498716218CEA_0 STOREY 5 ROOF 0001_2", in Zone="635E498716218CEA_F5_DWELLING_0".
   **   ~~~   ** Automatic fix is attempted.
   ** Warning ** GetVertices: Roof/Ceiling is upside down! Tilt angle=[180.0], should be near 0, Surface="BLOCK 635E498716218CEA_0 STOREY 5 ROOF 0001_3", in Zone="635E498716218CEA_F5_DWELLING_0".
   **   ~~~   ** Automatic fix is attempted.
   ** Warning ** GetVertices: Roof/Ceiling is upside down! Tilt angle=[180.0], should be near 0, Surface="BLOCK 635E498716218CEA_1 STOREY 5 ROOF 0001_1", in Zone="635E498716218CEA_F5_DWELLING_1".
   **   ~~~   ** Automatic fix is attempted.
   ** Warning ** GetVertices: Roof/Ceiling is upside down! Tilt angle=[180.0], should be near 0, Surface="BLOCK 635E498716218CEA_1 STOREY 5 ROOF 0001_2", in Zone="635E498716218CEA_F5_DWELLING_1".
   **   ~~~   ** Automatic fix is attempted.
   ** Warning ** GetVertices: Roof/Ceiling is upside down! Tilt angle=[180.0], should be near 0, Surface="BLOCK 635E498716218CEA_1 STOREY 5 ROOF 0001_3", in Zone="635E498716218CEA_F5_DWELLING_1".
   **   ~~~   ** Automatic fix is attempted.
   ** Warning ** GetSurfaceData: Very small surface area[1.79813E-004], Surface=BLOCK 635E498716218CEA_0 STOREY 0 FLOOR 0001_2
   ** Warning ** GetSurfaceData: Very small surface area[3.76691E-004], Surface=BLOCK 635E498716218CEA_0 STOREY 0 FLOOR 0001_4
   ** Warning ** GetSurfaceData: Very small surface area[1.79812E-004], Surface=BLOCK 635E498716218CEA_0 STOREY 0 CEILING 0001_2
   ** Warning ** GetSurfaceData: Very small surface area[3.76689E-004], Surface=BLOCK 635E498716218CEA_0 STOREY 0 CEILING 0001_3
   ** Warning ** GetSurfaceData: Very small surface area[3.76689E-004], Surface=BLOCK 635E498716218CEA_0 STOREY 1 FLOOR 0001_4
   ** Warning ** GetSurfaceData: Very small surface area[1.79812E-004], Surface=BLOCK 635E498716218CEA_0 STOREY 1 FLOOR 0001_5
   ** Warning ** GetSurfaceData: Very small surface area[1.79812E-004], Surface=BLOCK 635E498716218CEA_0 STOREY 1 CEILING 0001_2
   ** Warning ** GetSurfaceData: Very small surface area[3.76689E-004], Surface=BLOCK 635E498716218CEA_0 STOREY 1 CEILING 0001_3
   ** Warning ** GetSurfaceData: Very small surface area[3.76689E-004], Surface=BLOCK 635E498716218CEA_0 STOREY 2 FLOOR 0001_4
   ** Warning ** GetSurfaceData: Very small surface area[1.79812E-004], Surface=BLOCK 635E498716218CEA_0 STOREY 2 FLOOR 0001_5
   ** Warning ** GetSurfaceData: Very small surface area[1.79812E-004], Surface=BLOCK 635E498716218CEA_0 STOREY 2 CEILING 0001_2
   ** Warning ** GetSurfaceData: Very small surface area[3.76689E-004], Surface=BLOCK 635E498716218CEA_0 STOREY 2 CEILING 0001_3
   ** Warning ** GetSurfaceData: Very small surface area[3.76689E-004], Surface=BLOCK 635E498716218CEA_0 STOREY 3 FLOOR 0001_4
   ** Warning ** GetSurfaceData: Very small surface area[1.79812E-004], Surface=BLOCK 635E498716218CEA_0 STOREY 3 FLOOR 0001_5
   ** Warning ** GetSurfaceData: Very small surface area[1.79812E-004], Surface=BLOCK 635E498716218CEA_0 STOREY 3 CEILING 0001_2
   ** Warning ** GetSurfaceData: Very small surface area[3.76689E-004], Surface=BLOCK 635E498716218CEA_0 STOREY 3 CEILING 0001_3
   ** Warning ** GetSurfaceData: Very small surface area[3.76689E-004], Surface=BLOCK 635E498716218CEA_0 STOREY 4 FLOOR 0001_2
   ** Warning ** GetSurfaceData: Very small surface area[1.79812E-004], Surface=BLOCK 635E498716218CEA_0 STOREY 4 FLOOR 0001_3
   ** Warning ** GetSurfaceData: Very small surface area[1.79812E-004], Surface=BLOCK 635E498716218CEA_0 STOREY 4 CEILING 0001_2
   ** Warning ** GetSurfaceData: Very small surface area[1.79812E-004], Surface=BLOCK 635E498716218CEA_0 STOREY 5 FLOOR 0001_2
   ** Warning ** GetSurfaceData: Very small surface area[1.79813E-004], Surface=BLOCK 635E498716218CEA_0 STOREY 5 ROOF 0001_1
   ** Warning ** GetSurfaceData: Very small surface area[1.79813E-004], Surface=BLOCK 635E498716218CEA_1 STOREY 0 FLOOR 0001_2
   ** Warning ** GetSurfaceData: Very small surface area[1.79813E-004], Surface=BLOCK 635E498716218CEA_1 STOREY 0 CEILING 0001_1
   ** Warning ** GetSurfaceData: Very small surface area[1.79813E-004], Surface=BLOCK 635E498716218CEA_1 STOREY 1 FLOOR 0001_2
   ** Warning ** GetSurfaceData: Very small surface area[1.79813E-004], Surface=BLOCK 635E498716218CEA_1 STOREY 1 CEILING 0001_1
   ** Warning ** GetSurfaceData: Very small surface area[1.79813E-004], Surface=BLOCK 635E498716218CEA_1 STOREY 2 FLOOR 0001_2
   ** Warning ** GetSurfaceData: Very small surface area[1.79813E-004], Surface=BLOCK 635E498716218CEA_1 STOREY 2 CEILING 0001_1
   ** Warning ** GetSurfaceData: Very small surface area[1.79813E-004], Surface=BLOCK 635E498716218CEA_1 STOREY 3 FLOOR 0001_2
   ** Warning ** GetSurfaceData: Very small surface area[1.79813E-004], Surface=BLOCK 635E498716218CEA_1 STOREY 3 CEILING 0001_1
   ** Warning ** GetSurfaceData: Very small surface area[1.79813E-004], Surface=BLOCK 635E498716218CEA_1 STOREY 4 FLOOR 0001_2
   ** Warning ** GetSurfaceData: Very small surface area[1.79813E-004], Surface=BLOCK 635E498716218CEA_1 STOREY 4 CEILING 0001_1
   ** Warning ** GetSurfaceData: Very small surface area[1.79813E-004], Surface=BLOCK 635E498716218CEA_1 STOREY 5 FLOOR 0001_2
   ** Warning ** GetSurfaceData: Very small surface area[1.79813E-004], Surface=BLOCK 635E498716218CEA_1 STOREY 5 ROOF 0001_1
   ** Warning ** GetSurfaceData: Very small surface area[3.76691E-004], Surface=BLOCK 635E498716218CEA_2 STOREY 0 FLOOR 0001_2
   ** Warning ** GetSurfaceData: Very small surface area[3.76691E-004], Surface=BLOCK 635E498716218CEA_2 STOREY 0 CEILING 0001_1
   ** Warning ** GetSurfaceData: Very small surface area[3.76691E-004], Surface=BLOCK 635E498716218CEA_2 STOREY 1 FLOOR 0001_2
   ** Warning ** GetSurfaceData: Very small surface area[3.76691E-004], Surface=BLOCK 635E498716218CEA_2 STOREY 1 CEILING 0001_1
   ** Warning ** GetSurfaceData: Very small surface area[3.76691E-004], Surface=BLOCK 635E498716218CEA_2 STOREY 2 FLOOR 0001_2
   ** Warning ** GetSurfaceData: Very small surface area[3.76691E-004], Surface=BLOCK 635E498716218CEA_2 STOREY 2 CEILING 0001_1
   ** Warning ** GetSurfaceData: Very small surface area[3.76691E-004], Surface=BLOCK 635E498716218CEA_2 STOREY 3 FLOOR 0001_2
   ** Warning ** GetSurfaceData: Very small surface area[3.76691E-004], Surface=BLOCK 635E498716218CEA_2 STOREY 3 ROOF 0001_1
   ** Warning ** GetSurfaceData: There are 64 coincident/collinear vertices; These have been deleted unless the deletion would bring the number of surface sides < 3.
   **   ~~~   ** For explicit details on each problem surface, use Output:Diagnostics,DisplayExtraWarnings;
   ** Severe  ** GetSurfaceData: There are 41 degenerate surfaces; Degenerate surfaces are those with number of sides < 3.
   **   ~~~   ** These surfaces should be deleted.
   **   ~~~   ** For explicit details on each problem surface, use Output:Diagnostics,DisplayExtraWarnings;
   ** Severe  ** CalcCoordinateTransformation: Invalid dot product, surface="BLOCK 635E498716218CEA_0 STOREY 0 FLOOR 0001_2":
   **   ~~~   **  (686245.607,4928759.064,   0.000)
   **   ~~~   **  (686247.829,4928758.469,   0.000)
   **   ~~~   **  (686247.829,4928758.469,   0.000)
   **  Fatal  ** CalcCoordinateTransformation: Program terminates due to preceding condition.
   ...Summary of Errors that led to program termination:
   ..... Reference severe error count=42
   ..... Last severe error=CalcCoordinateTransformation: Invalid dot product, surface="BLOCK 635E498716218CEA_0 STOREY 0 FLOOR 0001_2":
   ************* Warning:  Node connection errors not checked - most system input has not been read (see previous warning).
   ************* Fatal error -- final processing.  Program exited before simulations began.  See previous error messages.
   ************* EnergyPlus Warmup Error Summary. During Warmup: 0 Warning; 0 Severe Errors.
   ************* EnergyPlus Sizing Error Summary. During Sizing: 173 Warning; 1 Severe Errors.
   ************* EnergyPlus Terminated--Fatal Error Detected. 237 Warning; 42 Severe Errors; Elapsed Time=00hr 00min  0.59sec
