Program Version,EnergyPlus, Version 23.1.0-87ed9199d4, YMD=2026.09.05 09:47,
   ************* Beginning Zone Sizing Calculations
   ** Warning ** ProcessScheduleInput: Schedule:Constant="EU_ALWAYSON", Blank Schedule Type Limits Name input -- will not be validated.
   ** Warning ** ProcessScheduleInput: Schedule:Constant="EU_COOLINGOFF", Blank Schedule Type Limits Name input -- will not be validated.
   ** Warning ** GetHTSurfaceData: Surfaces with interface to Ground found but no "Ground Temperatures" were input.
   **   ~~~   ** Found first in surface=BLOCK C71E82E57D99BED1_1 STOREY 0 FLOOR 0001
   **   ~~~   ** Defaults, constant throughout the year of (18.0) will be used.
   ** Warning ** GetVertices: Floor is upside down! Tilt angle=[0.0], should be near 180, Surface="BLOCK C71E82E57D99BED1_1 STOREY 0 FLOOR 0001", in Zone="C71E82E57D99BED1_F0_DWELLING_1".
   **   ~~~   ** Automatic fix is attempted.
   ** Warning ** GetVertices: Roof/Ceiling is upside down! Tilt angle=[180.0], should be near 0, Surface="BLOCK C71E82E57D99BED1_1 STOREY 6 ROOF 0001", in Zone="C71E82E57D99BED1_F6_DWELLING_1".
   **   ~~~   ** Automatic fix is attempted.
   ** Warning ** GetVertices: Floor is upside down! Tilt angle=[0.0], should be near 180, Surface="BLOCK C71E82E57D99BED1_2 STOREY 0 FLOOR 0001", in Zone="C71E82E57D99BED1_F0_DWELLING_2".
   **   ~~~   ** Automatic fix is attempted.
   ** Warning ** GetVertices: Roof/Ceiling is upside down! Tilt angle=[180.0], should be near 0, Surface="BLOCK C71E82E57D99BED1_2 STOREY 6 ROOF 0001", in Zone="C71E82E57D99BED1_F6_DWELLING_2".
   **   ~~~   ** Automatic fix is attempted.
   ** Warning ** GetVertices: Floor is upside down! Tilt angle=[0.0], should be near 180, Surface="BLOCK C71E82E57D99BED1_3 STOREY 0 FLOOR 0001", in Zone="C71E82E57D99BED1_F0_DWELLING_3".
   **   ~~~   ** Automatic fix is attempted.
   ** Warning ** GetVertices: Roof/Ceiling is upside down! Tilt angle=[180.0], should be near 0, Surface="BLOCK C71E82E57D99BED1_3 STOREY 6 ROOF 0001", in Zone="C71E82E57D99BED1_F6_DWELLING_3".
   **   ~~~   ** Automatic fix is attempted.
   ** Warning ** GetVertices: Floor is upside down! Tilt angle=[0.0], should be near 180, Surface="BLOCK C71E82E57D99BED1_0 STOREY 0 FLOOR 0001_1", in Zone="C71E82E57D99BED1_F0_DWELLING_0".
   **   ~~~   ** Automatic fix is attempted.
   ** Warning ** GetVertices: Floor is upside down! Tilt angle=[0.0], should be near 180, Surface="BLOCK C71E82E57D99BED1_0 STOREY 0 FLOOR 0001_2", in Zone="C71E82E57D99BED1_F0_DWELLING_0".
   **   ~~~   ** Automatic fix is attempted.
   ** Warning ** GetVertices: Floor is upside down! Tilt angle=[0.0], should be near 180, Surface="BLOCK C71E82E57D99BED1_0 STOREY 0 FLOOR 0001_3", in Zone="C71E82E57D99BED1_F0_DWELLING_0".
   **   ~~~   ** Automatic fix is attempted.
   ** Severe  ** CheckConvexity: Surface="BLOCK C71E82E57D99BED1_0 STOREY 0 FLOOR 0001_3" is non-planar.
   **   ~~~   ** Coincident Vertices will be removed as possible.
   **   ~~~   **  (440385.798,4478487.768,   0.000)
   **   ~~~   **  (440385.601,4478487.634,   0.000)
   **   ~~~   **  (440388.567,4478489.655,   0.000)
   ** Warning ** GetVertices: Floor is upside down! Tilt angle=[0.0], should be near 180, Surface="BLOCK C71E82E57D99BED1_0 STOREY 0 FLOOR 0001_4", in Zone="C71E82E57D99BED1_F0_DWELLING_0".
   **   ~~~   ** Automatic fix is attempted.
   ** Warning ** GetVertices: Floor is upside down! Tilt angle=[0.0], should be near 180, Surface="BLOCK C71E82E57D99BED1_0 STOREY 0 FLOOR 0001_5", in Zone="C71E82E57D99BED1_F0_DWELLING_0".
   **   ~~~   ** Automatic fix is attempted.
   ** Warning ** GetVertices: Floor is upside down! Tilt angle=[0.0], should be near 180, Surface="BLOCK C71E82E57D99BED1_0 STOREY 0 FLOOR 0001_6", in Zone="C71E82E57D99BED1_F0_DWELLING_0".
   **   ~~~   ** Automatic fix is attempted.
   ** Warning ** GetVertices: Floor is upside down! Tilt angle=[0.0], should be near 180, Surface="BLOCK C71E82E57D99BED1_4 STOREY 0 FLOOR 0001_1", in Zone="C71E82E57D99BED1_F0_DWELLING_4".
   **   ~~~   ** Automatic fix is attempted.
   ** Warning ** GetVertices: Floor is upside down! Tilt angle=[0.0], should be near 180, Surface="BLOCK C71E82E57D99BED1_4 STOREY 0 FLOOR 0001_2", in Zone="C71E82E57D99BED1_F0_DWELLING_4".
   **   ~~~   ** Automatic fix is attempted.
   ** Warning ** GetVertices: Floor is upside down! Tilt angle=[0.0], should be near 180, Surface="BLOCK C71E82E57D99BED1_4 STOREY 0 FLOOR 0001_3", in Zone="C71E82E57D99BED1_F0_DWELLING_4".
   **   ~~~   ** Automatic fix is attempted.
   ** Warning ** GetVertices: Floor is upside down! Tilt angle=[0.0], should be near 180, Surface="BLOCK C71E82E57D99BED1_5 STOREY 0 FLOOR 0001_1", in Zone="C71E82E57D99BED1_F0_DWELLING_5".
   **   ~~~   ** Automatic fix is attempted.
   ** Warning ** GetVertices: Floor is upside down! Tilt angle=[0.0], should be near 180, Surface="BLOCK C71E82E57D99BED1_5 STOREY 0 FLOOR 0001_2", in Zone="C71E82E57D99BED1_F0_DWELLING_5".
   **   ~~~   ** Automatic fix is attempted.
   ** Severe  ** CheckConvexity: Surface="BLOCK C71E82E57D99BED1_5 STOREY 0 FLOOR 0001_2" is non-planar.
   **   ~~~   ** Coincident Vertices will be removed as possible.
   **   ~~~   **  (440385.798,4478487.768,   0.000)
   **   ~~~   **  (440385.601,4478487.634,   0.000)
   **   ~~~   **  (440388.567,4478489.655,   0.000)
   ** Warning ** GetVertices: Floor is upside down! Tilt angle=[0.0], should be near 180, Surface="BLOCK C71E82E57D99BED1_5 STOREY 0 FLOOR 0001_3", in Zone="C71E82E57D99BED1_F0_DWELLING_5".
   **   ~~~   ** Automatic fix is attempted.
   ** Warning ** GetVertices: Floor is upside down! Tilt angle=[0.0], should be near 180, Surface="BLOCK C71E82E57D99BED1_5 STOREY 0 FLOOR 0001_4", in Zone="C71E82E57D99BED1_F0_DWELLING_5".
   **   ~~~   ** Automatic fix is attempted.
   ** Warning ** GetVertices: Roof/Ceiling is upside down! Tilt angle=[180.0], should be near 0, Surface="BLOCK C71E82E57D99BED1_0 STOREY 0 CEILING 0001_1", in Zone="C71E82E57D99BED1_F0_DWELLING_0".
   **   ~~~   ** Automatic fix is attempted.
   ** Warning ** GetVertices: Roof/Ceiling is upside down! Tilt angle=[180.0], should be near 0, Surface="BLOCK C71E82E57D99BED1_0 STOREY 0 CEILING 0001_2", in Zone="C71E82E57D99BED1_F0_DWELLING_0".
   **   ~~~   ** Automatic fix is attempted.
   ** Warning ** GetVertices: Roof/Ceiling is upside down! Tilt angle=[180.0], should be near 0, Surface="BLOCK C71E82E57D99BED1_0 STOREY 0 CEILING 0001_3", in Zone="C71E82E57D99BED1_F0_DWELLING_0".
   **   ~~~   ** Automatic fix is attempted.
   ** Warning ** GetVertices: Roof/Ceiling is upside down! Tilt angle=[180.0], should be near 0, Surface="BLOCK C71E82E57D99BED1_0 STOREY 0 CEILING 0001_4", in Zone="C71E82E57D99BED1_F0_DWELLING_0".
   **   ~~~   ** Automatic fix is attempted.
   ** Severe  ** CheckConvexity: Surface="BLOCK C71E82E57D99BED1_0 STOREY 0 CEILING 0001_4" is non-planar.
   **   ~~~   ** Coincident Vertices will be removed as possible.
   **   ~~~   **  (440385.601,4478487.634,   3.000)
   **   ~~~   **  (440385.798,4478487.768,   3.000)
   **   ~~~   **  (440388.567,4478489.655,   3.000)
   ** Warning ** GetVertices: Roof/Ceiling is upside down! Tilt angle=[180.0], should be near 0, Surface="BLOCK C71E82E57D99BED1_0 STOREY 0 CEILING 0001_5", in Zone="C71E82E57D99BED1_F0_DWELLING_0".
   **   ~~~   ** Automatic fix is attempted.
   ** Warning ** GetVertices: Roof/Ceiling is upside down! Tilt angle=[180.0], should be near 0, Surface="BLOCK C71E82E57D99BED1_0 STOREY 0 CEILING 0001_6", in Zone="C71E82E57D99BED1_F0_DWELLING_0".
   **   ~~~   ** Automatic fix is attempted.
   ** Severe  ** CheckConvexity: Surface="BLOCK C71E82E57D99BED1_0 STOREY 1 FLOOR 0001_2" is non-planar.
   **   ~~~   ** Coincident Vertices will be removed as possible.
   **   ~~~   **  (440388.567,4478489.655,   3.000)
   **   ~~~   **  (440385.798,4478487.768,   3.000)
   **   ~~~   **  (440385.601,4478487.634,   3.000)
   ** Warning ** GetVertices: Roof/Ceiling is upside down! Tilt angle=[180.0], should be near 0, Surface="BLOCK C71E82E57D99BED1_4 STOREY 0 CEILING 0001_1", in Zone="C71E82E57D99BED1_F0_DWELLING_4".
   **   ~~~   ** Automatic fix is attempted.
   ** Warning ** GetVertices: Roof/Ceiling is upside down! Tilt angle=[180.0], should be near 0, Surface="BLOCK C71E82E57D99BED1_4 STOREY 0 CEILING 0001_2", in Zone="C71E82E57D99BED1_F0_DWELLING_4".
   **   ~~~   ** Automatic fix is attempted.
   ** Warning ** GetVertices: Roof/Ceiling is upside down! Tilt angle=[180.0], should be near 0, Surface="BLOCK C71E82E57D99BED1_4 STOREY 0 CEILING 0001_3", in Zone="C71E82E57D99BED1_F0_DWELLING_4".
   **   ~~~   ** Automatic fix is attempted.
   ** Warning ** GetVertices: Floor is upside down! Tilt angle=[0.0], should be near 180, Surface="BLOCK C71E82E57D99BED1_4 STOREY 1 FLOOR 0001_1", in Zone="C71E82E57D99BED1_F1_DWELLING_4".
   **   ~~~   ** Automatic fix is attempted.
   ** Warning ** GetVertices: Floor is upside down! Tilt angle=[0.0], should be near 180, Surface="BLOCK C71E82E57D99BED1_4 STOREY 1 FLOOR 0001_2", in Zone="C71E82E57D99BED1_F1_DWELLING_4".
   **   ~~~   ** Automatic fix is attempted.
   ** Warning ** GetVertices: Floor is upside down! Tilt angle=[0.0], should be near 180, Surface="BLOCK C71E82E57D99BED1_4 STOREY 1 FLOOR 0001_3", in Zone="C71E82E57D99BED1_F1_DWELLING_4".
   **   ~~~   ** Automatic fix is attempted.
   ** Warning ** GetVertices: Roof/Ceiling is upside down! Tilt angle=[180.0], should be near 0, Surface="BLOCK C71E82E57D99BED1_5 STOREY 0 CEILING 0001_1", in Zone="C71E82E57D99BED1_F0_DWELLING_5".
   **   ~~~   ** Automatic fix is attempted.
   ** Severe  ** CheckConvexity: Surface="BLOCK C71E82E57D99BED1_5 STOREY 0 CEILING 0001_1" is non-planar.
   **   ~~~   ** Coincident Vertices will be removed as possible.
   **   ~~~   **  (440385.601,4478487.634,   3.000)
   **   ~~~   **  (440385.798,4478487.768,   3.000)
   **   ~~~   **  (440388.567,4478489.655,   3.000)
   ** Warning ** GetVertices: Roof/Ceiling is upside down! Tilt angle=[180.0], should be near 0, Surface="BLOCK C71E82E57D99BED1_5 STOREY 0 CEILING 0001_2", in Zone="C71E82E57D99BED1_F0_DWELLING_5".
   **   ~~~   ** Automatic fix is attempted.
   ** Warning ** GetVertices: Roof/Ceiling is upside down! Tilt angle=[180.0], should be near 0, Surface="BLOCK C71E82E57D99BED1_5 STOREY 0 CEILING 0001_3", in Zone="C71E82E57D99BED1_F0_DWELLING_5".
   **   ~~~   ** Automatic fix is attempted.
   ** Warning ** GetVertices: Roof/Ceiling is upside down! Tilt angle=[180.0], should be near 0, Surface="BLOCK C71E82E57D99BED1_5 STOREY 0 CEILING 0001_4", in Zone="C71E82E57D99BED1_F0_DWELLING_5".
   **   ~~~   ** Automatic fix is attempted.
   ** Warning ** GetVertices: Floor is upside down! Tilt angle=[0.0], should be near 180, Surface="BLOCK C71E82E57D99BED1_5 STOREY 1 FLOOR 0001_1", in Zone="C71E82E57D99BED1_F1_DWELLING_5".
   **   ~~~   ** Automatic fix is attempted.
   ** Warning ** GetVertices: Floor is upside down! Tilt angle=[0.0], should be near 180, Surface="BLOCK C71E82E57D99BED1_5 STOREY 1 FLOOR 0001_2", in Zone="C71E82E57D99BED1_F1_DWELLING_5".
   **   ~~~   ** Automatic fix is attempted.
   ** Severe  ** CheckConvexity: Surface="BLOCK C71E82E57D99BED1_5 STOREY 1 FLOOR 0001_2" is non-planar.
   **   ~~~   ** Coincident Vertices will be removed as possible.
   **   ~~~   **  (440385.798,4478487.768,   3.000)
   **   ~~~   **  (440385.601,4478487.634,   3.000)
   **   ~~~   **  (440388.567,4478489.655,   3.000)
   ** Warning ** GetVertices: Floor is upside down! Tilt angle=[0.0], should be near 180, Surface="BLOCK C71E82E57D99BED1_5 STOREY 1 FLOOR 0001_3", in Zone="C71E82E57D99BED1_F1_DWELLING_5".
   **   ~~~   ** Automatic fix is attempted.
   ** Warning ** GetVertices: Floor is upside down! Tilt angle=[0.0], should be near 180, Surface="BLOCK C71E82E57D99BED1_5 STOREY 1 FLOOR 0001_4", in Zone="C71E82E57D99BED1_F1_DWELLING_5".
   **   ~~~   ** Automatic fix is attempted.
   ** Warning ** GetVertices: Roof/Ceiling is upside down! Tilt angle=[180.0], should be near 0, Surface="BLOCK C71E82E57D99BED1_0 STOREY 1 CEILING 0001_1", in Zone="C71E82E57D99BED1_F1_DWELLING_0".
   **   ~~~   ** Automatic fix is attempted.
   ** Warning ** GetVertices: Roof/Ceiling is upside down! Tilt angle=[180.0], should be near 0, Surface="BLOCK C71E82E57D99BED1_0 STOREY 1 CEILING 0001_2", in Zone="C71E82E57D99BED1_F1_DWELLING_0".
   **   ~~~   ** Automatic fix is attempted.
   ** Warning ** GetVertices: Roof/Ceiling is upside down! Tilt angle=[180.0], should be near 0, Surface="BLOCK C71E82E57D99BED1_0 STOREY 1 CEILING 0001_3", in Zone="C71E82E57D99BED1_F1_DWELLING_0".
   **   ~~~   ** Automatic fix is attempted.
   ** Warning ** GetVertices: Roof/Ceiling is upside down! Tilt angle=[180.0], should be near 0, Surface="BLOCK C71E82E57D99BED1_0 STOREY 1 CEILING 0001_4", in Zone="C71E82E57D99BED1_F1_DWELLING_0".
   **   ~~~   ** Automatic fix is attempted.
   ** Severe  ** CheckConvexity: Surface="BLOCK C71E82E57D99BED1_0 STOREY 1 CEILING 0001_4" is non-planar.
   **   ~~~   ** Coincident Vertices will be removed as possible.
   **   ~~~   **  (440385.601,4478487.634,   6.000)
   **   ~~~   **  (440385.798,4478487.768,   6.000)
   **   ~~~   **  (440388.567,4478489.655,   6.000)
   ** Warning ** GetVertices: Roof/Ceiling is upside down! Tilt angle=[180.0], should be near 0, Surface="BLOCK C71E82E57D99BED1_0 STOREY 1 CEILING 0001_5", in Zone="C71E82E57D99BED1_F1_DWELLING_0".
   **   ~~~   ** Automatic fix is attempted.
   ** Warning ** GetVertices: Roof/Ceiling is upside down! Tilt angle=[180.0], should be near 0, Surface="BLOCK C71E82E57D99BED1_0 STOREY 1 CEILING 0001_6", in Zone="C71E82E57D99BED1_F1_DWELLING_0".
   **   ~~~   ** Automatic fix is attempted.
   ** Severe  ** CheckConvexity: Surface="BLOCK C71E82E57D99BED1_0 STOREY 2 FLOOR 0001_2" is non-planar.
   **   ~~~   ** Coincident Vertices will be removed as possible.
   **   ~~~   **  (440388.567,4478489.655,   6.000)
   **   ~~~   **  (440385.798,4478487.768,   6.000)
   **   ~~~   **  (440385.601,4478487.634,   6.000)
   ** Warning ** GetVertices: Roof/Ceiling is upside down! Tilt angle=[180.0], should be near 0, Surface="BLOCK C71E82E57D99BED1_4 STOREY 1 CEILING 0001_1", in Zone="C71E82E57D99BED1_F1_DWELLING_4".
   **   ~~~   ** Automatic fix is attempted.
   ** Warning ** GetVertices: Roof/Ceiling is upside down! Tilt angle=[180.0], should be near 0, Surface="BLOCK C71E82E57D99BED1_4 STOREY 1 CEILING 0001_2", in Zone="C71E82E57D99BED1_F1_DWELLING_4".
   **   ~~~   ** Automatic fix is attempted.
   ** Warning ** GetVertices: Roof/Ceiling is upside down! Tilt angle=[180.0], should be near 0, Surface="BLOCK C71E82E57D99BED1_4 STOREY 1 CEILING 0001_3", in Zone="C71E82E57D99BED1_F1_DWELLING_4".
   **   ~~~   ** Automatic fix is attempted.
   ** Warning ** GetVertices: Floor is upside down! Tilt angle=[0.0], should be near 180, Surface="BLOCK C71E82E57D99BED1_4 STOREY 2 FLOOR 0001_1", in Zone="C71E82E57D99BED1_F2_DWELLING_4".
   **   ~~~   ** Automatic fix is attempted.
   ** Warning ** GetVertices: Floor is upside down! Tilt angle=[0.0], should be near 180, Surface="BLOCK C71E82E57D99BED1_4 STOREY 2 FLOOR 0001_2", in Zone="C71E82E57D99BED1_F2_DWELLING_4".
   **   ~~~   ** Automatic fix is attempted.
   ** Warning ** GetVertices: Floor is upside down! Tilt angle=[0.0], should be near 180, Surface="BLOCK C71E82E57D99BED1_4 STOREY 2 FLOOR 0001_3", in Zone="C71E82E57D99BED1_F2_DWELLING_4".
   **   ~~~   ** Automatic fix is attempted.
   ** Warning ** GetVertices: Roof/Ceiling is upside down! Tilt angle=[180.0], should be near 0, Surface="BLOCK C71E82E57D99BED1_5 STOREY 1 CEILING 0001_1", in Zone="C71E82E57D99BED1_F1_DWELLING_5".
   **   ~~~   ** Automatic fix is attempted.
   ** Severe  ** CheckConvexity: Surface="BLOCK C71E82E57D99BED1_5 STOREY 1 CEILING 0001_1" is non-planar.
   **   ~~~   ** Coincident Vertices will be removed as possible.
   **   ~~~   **  (440385.601,4478487.634,   6.000)
   **   ~~~   **  (440385.798,4478487.768,   6.000)
   **   ~~~   **  (440388.567,4478489.655,   6.000)
   ** Warning ** GetVertices: Roof/Ceiling is upside down! Tilt angle=[180.0], should be near 0, Surface="BLOCK C71E82E57D99BED1_5 STOREY 1 CEILING 0001_2", in Zone="C71E82E57D99BED1_F1_DWELLING_5".
   **   ~~~   ** Automatic fix is attempted.
   ** Warning ** GetVertices: Roof/Ceiling is upside down! Tilt angle=[180.0], should be near 0, Surface="BLOCK C71E82E57D99BED1_5 STOREY 1 CEILING 0001_3", in Zone="C71E82E57D99BED1_F1_DWELLING_5".
   **   ~~~   ** Automatic fix is attempted.
   ** Warning ** GetVertices: Roof/Ceiling is upside down! Tilt angle=[180.0], should be near 0, Surface="BLOCK C71E82E57D99BED1_5 STOREY 1 CEILING 0001_4", in Zone="C71E82E57D99BED1_F1_DWELLING_5".
   **   ~~~   ** Automatic fix is attempted.
   ** Warning ** GetVertices: Floor is upside down! Tilt angle=[0.0], should be near 180, Surface="BLOCK C71E82E57D99BED1_5 STOREY 2 FLOOR 0001_1", in Zone="C71E82E57D99BED1_F2_DWELLING_5".
   **   ~~~   ** Automatic fix is attempted.
   ** Warning ** GetVertices: Floor is upside down! Tilt angle=[0.0], should be near 180, Surface="BLOCK C71E82E57D99BED1_5 STOREY 2 FLOOR 0001_2", in Zone="C71E82E57D99BED1_F2_DWELLING_5".
   **   ~~~   ** Automatic fix is attempted.
   ** Severe  ** CheckConvexity: Surface="BLOCK C71E82E57D99BED1_5 STOREY 2 FLOOR 0001_2" is non-planar.
   **   ~~~   ** Coincident Vertices will be removed as possible.
   **   ~~~   **  (440385.798,4478487.768,   6.000)
   **   ~~~   **  (440385.601,4478487.634,   6.000)
   **   ~~~   **  (440388.567,4478489.655,   6.000)
   ** Warning ** GetVertices: Floor is upside down! Tilt angle=[0.0], should be near 180, Surface="BLOCK C71E82E57D99BED1_5 STOREY 2 FLOOR 0001_3", in Zone="C71E82E57D99BED1_F2_DWELLING_5".
   **   ~~~   ** Automatic fix is attempted.
   ** Warning ** GetVertices: Floor is upside down! Tilt angle=[0.0], should be near 180, Surface="BLOCK C71E82E57D99BED1_5 STOREY 2 FLOOR 0001_4", in Zone="C71E82E57D99BED1_F2_DWELLING_5".
   **   ~~~   ** Automatic fix is attempted.
   ** Warning ** GetVertices: Roof/Ceiling is upside down! Tilt angle=[180.0], should be near 0, Surface="BLOCK C71E82E57D99BED1_0 STOREY 2 CEILING 0001_1", in Zone="C71E82E57D99BED1_F2_DWELLING_0".
   **   ~~~   ** Automatic fix is attempted.
   ** Warning ** GetVertices: Roof/Ceiling is upside down! Tilt angle=[180.0], should be near 0, Surface="BLOCK C71E82E57D99BED1_0 STOREY 2 CEILING 0001_2", in Zone="C71E82E57D99BED1_F2_DWELLING_0".
   **   ~~~   ** Automatic fix is attempted.
   ** Warning ** GetVertices: Roof/Ceiling is upside down! Tilt angle=[180.0], should be near 0, Surface="BLOCK C71E82E57D99BED1_0 STOREY 2 CEILING 0001_3", in Zone="C71E82E57D99BED1_F2_DWELLING_0".
   **   ~~~   ** Automatic fix is attempted.
   ** Warning ** GetVertices: Roof/Ceiling is upside down! Tilt angle=[180.0], should be near 0, Surface="BLOCK C71E82E57D99BED1_0 STOREY 2 CEILING 0001_4", in Zone="C71E82E57D99BED1_F2_DWELLING_0".
   **   ~~~   ** Automatic fix is attempted.
   ** Severe  ** CheckConvexity: Surface="BLOCK C71E82E57D99BED1_0 STOREY 2 CEILING 0001_4" is non-planar.
   **   ~~~   ** Coincident Vertices will be removed as possible.
   **   ~~~   **  (440385.601,4478487.634,   9.000)
   **   ~~~   **  (440385.798,4478487.768,   9.000)
   **   ~~~   **  (440388.567,4478489.655,   9.000)
   ** Warning ** GetVertices: Roof/Ceiling is upside down! Tilt angle=[180.0], should be near 0, Surface="BLOCK C71E82E57D99BED1_0 STOREY 2 CEILING 0001_5", in Zone="C71E82E57D99BED1_F2_DWELLING_0".
   **   ~~~   ** Automatic fix is attempted.
   ** Warning ** GetVertices: Roof/Ceiling is upside down! Tilt angle=[180.0], should be near 0, Surface="BLOCK C71E82E57D99BED1_0 STOREY 2 CEILING 0001_6", in Zone="C71E82E57D99BED1_F2_DWELLING_0".
   **   ~~~   ** Automatic fix is attempted.
   ** Severe  ** CheckConvexity: Surface="BLOCK C71E82E57D99BED1_0 STOREY 3 FLOOR 0001_2" is non-planar.
   **   ~~~   ** Coincident Vertices will be removed as possible.
   **   ~~~   **  (440388.567,4478489.655,   9.000)
   **   ~~~   **  (440385.798,4478487.768,   9.000)
   **   ~~~   **  (440385.601,4478487.634,   9.000)
   ** Warning ** GetVertices: Roof/Ceiling is upside down! Tilt angle=[180.0], should be near 0, Surface="BLOCK C71E82E57D99BED1_4 STOREY 2 CEILING 0001_1", in Zone="C71E82E57D99BED1_F2_DWELLING_4".
   **   ~~~   ** Automatic fix is attempted.
   ** Warning ** GetVertices: Roof/Ceiling is upside down! Tilt angle=[180.0], should be near 0, Surface="BLOCK C71E82E57D99BED1_4 STOREY 2 CEILING 0001_2", in Zone="C71E82E57D99BED1_F2_DWELLING_4".
   **   ~~~   ** Automatic fix is attempted.
   ** Warning ** GetVertices: Roof/Ceiling is upside down! Tilt angle=[180.0], should be near 0, Surface="BLOCK C71E82E57D99BED1_4 STOREY 2 CEILING 0001_3", in Zone="C71E82E57D99BED1_F2_DWELLING_4".
   **   ~~~   ** Automatic fix is attempted.
   ** Warning ** GetVertices: Floor is upside down! Tilt angle=[0.0], should be near 180, Surface="BLOCK C71E82E57D99BED1_4 STOREY 3 FLOOR 0001_1", in Zone="C71E82E57D99BED1_F3_DWELLING_4".
   **   ~~~   ** Automatic fix is attempted.
   ** Warning ** GetVertices: Floor is upside down! Tilt angle=[0.0], should be near 180, Surface="BLOCK C71E82E57D99BED1_4 STOREY 3 FLOOR 0001_2", in Zone="C71E82E57D99BED1_F3_DWELLING_4".
   **   ~~~   ** Automatic fix is attempted.
   ** Warning ** GetVertices: Floor is upside down! Tilt angle=[0.0], should be near 180, Surface="BLOCK C71E82E57D99BED1_4 STOREY 3 FLOOR 0001_3", in Zone="C71E82E57D99BED1_F3_DWELLING_4".
   **   ~~~   ** Automatic fix is attempted.
   ** Warning ** GetVertices: Roof/Ceiling is upside down! Tilt angle=[180.0], should be near 0, Surface="BLOCK C71E82E57D99BED1_5 STOREY 2 CEILING 0001_1", in Zone="C71E82E57D99BED1_F2_DWELLING_5".
   **   ~~~   ** Automatic fix is attempted.
   ** Severe  ** CheckConvexity: Surface="BLOCK C71E82E57D99BED1_5 STOREY 2 CEILING 0001_1" is non-planar.
   **   ~~~   ** Coincident Vertices will be removed as possible.
   **   ~~~   **  (440385.601,4478487.634,   9.000)
   **   ~~~   **  (440385.798,4478487.768,   9.000)
   **   ~~~   **  (440388.567,4478489.655,   9.000)
   ** Warning ** GetVertices: Roof/Ceiling is upside down! Tilt angle=[180.0], should be near 0, Surface="BLOCK C71E82E57D99BED1_5 STOREY 2 CEILING 0001_2", in Zone="C71E82E57D99BED1_F2_DWELLING_5".
   **   ~~~   ** Automatic fix is attempted.
   ** Warning ** GetVertices: Roof/Ceiling is upside down! Tilt angle=[180.0], should be near 0, Surface="BLOCK C71E82E57D99BED1_5 STOREY 2 CEILING 0001_3", in Zone="C71E82E57D99BED1_F2_DWELLING_5".
   **   ~~~   ** Automatic fix is attempted.
   ** Warning ** GetVertices: Roof/Ceiling is upside down! Tilt angle=[180.0], should be near 0, Surface="BLOCK C71E82E57D99BED1_5 STOREY 2 CEILING 0001_4", in Zone="C71E82E57D99BED1_F2_DWELLING_5".
   **   ~~~   ** Automatic fix is attempted.
   ** Warning ** GetVertices: Floor is upside down! Tilt angle=[0.0], should be near 180, Surface="BLOCK C71E82E57D99BED1_5 STOREY 3 FLOOR 0001_1", in Zone="C71E82E57D99BED1_F3_DWELLING_5".
   **   ~~~   ** Automatic fix is attempted.
   ** Warning ** GetVertices: Floor is upside down! Tilt angle=[0.0], should be near 180, Surface="BLOCK C71E82E57D99BED1_5 STOREY 3 FLOOR 0001_2", in Zone="C71E82E57D99BED1_F3_DWELLING_5".
   **   ~~~   ** Automatic fix is attempted.
   ** Severe  ** CheckConvexity: Surface="BLOCK C71E82E57D99BED1_5 STOREY 3 FLOOR 0001_2" is non-planar.
   **   ~~~   ** Coincident Vertices will be removed as possible.
   **   ~~~   **  (440385.798,4478487.768,   9.000)
   **   ~~~   **  (440385.601,4478487.634,   9.000)
   **   ~~~   **  (440388.567,4478489.655,   9.000)
   ** Warning ** GetVertices: Floor is upside down! Tilt angle=[0.0], should be near 180, Surface="BLOCK C71E82E57D99BED1_5 STOREY 3 FLOOR 0001_3", in Zone="C71E82E57D99BED1_F3_DWELLING_5".
   **   ~~~   ** Automatic fix is attempted.
   ** Warning ** GetVertices: Floor is upside down! Tilt angle=[0.0], should be near 180, Surface="BLOCK C71E82E57D99BED1_5 STOREY 3 FLOOR 0001_4", in Zone="C71E82E57D99BED1_F3_DWELLING_5".
   **   ~~~   ** Automatic fix is attempted.
   ** Warning ** GetVertices: Roof/Ceiling is upside down! Tilt angle=[180.0], should be near 0, Surface="BLOCK C71E82E57D99BED1_0 STOREY 3 CEILING 0001_1", in Zone="C71E82E57D99BED1_F3_DWELLING_0".
   **   ~~~   ** Automatic fix is attempted.
   ** Warning ** GetVertices: Roof/Ceiling is upside down! Tilt angle=[180.0], should be near 0, Surface="BLOCK C71E82E57D99BED1_0 STOREY 3 CEILING 0001_2", in Zone="C71E82E57D99BED1_F3_DWELLING_0".
   **   ~~~   ** Automatic fix is attempted.
   ** Warning ** GetVertices: Roof/Ceiling is upside down! Tilt angle=[180.0], should be near 0, Surface="BLOCK C71E82E57D99BED1_0 STOREY 3 CEILING 0001_3", in Zone="C71E82E57D99BED1_F3_DWELLING_0".
   **   ~~~   ** Automatic fix is attempted.
   ** Warning ** GetVertices: Roof/Ceiling is upside down! Tilt angle=[180.0], should be near 0, Surface="BLOCK C71E82E57D99BED1_0 STOREY 3 CEILING 0001_4", in Zone="C71E82E57D99BED1_F3_DWELLING_0".
   **   ~~~   ** Automatic fix is attempted.
   ** Severe  ** CheckConvexity: Surface="BLOCK C71E82E57D99BED1_0 STOREY 3 CEILING 0001_4" is non-planar.
   **   ~~~   ** Coincident Vertices will be removed as possible.
   **   ~~~   **  (440385.601,4478487.634,  12.000)
   **   ~~~   **  (440385.798,4478487.768,  12.000)
   **   ~~~   **  (440388.567,4478489.655,  12.000)
   ** Warning ** GetVertices: Roof/Ceiling is upside down! Tilt angle=[180.0], should be near 0, Surface="BLOCK C71E82E57D99BED1_0 STOREY 3 CEILING 0001_5", in Zone="C71E82E57D99BED1_F3_DWELLING_0".
   **   ~~~   ** Automatic fix is attempted.
   ** Warning ** GetVertices: Roof/Ceiling is upside down! Tilt angle=[180.0], should be near 0, Surface="BLOCK C71E82E57D99BED1_0 STOREY 3 CEILING 0001_6", in Zone="C71E82E57D99BED1_F3_DWELLING_0".
   **   ~~~   ** Automatic fix is attempted.
   ** Severe  ** CheckConvexity: Surface="BLOCK C71E82E57D99BED1_0 STOREY 4 FLOOR 0001_2" is non-planar.
   **   ~~~   ** Coincident Vertices will be removed as possible.
   **   ~~~   **  (440388.567,4478489.655,  12.000)
   **   ~~~   **  (440385.798,4478487.768,  12.000)
   **   ~~~   **  (440385.601,4478487.634,  12.000)
   ** Warning ** GetVertices: Roof/Ceiling is upside down! Tilt angle=[180.0], should be near 0, Surface="BLOCK C71E82E57D99BED1_4 STOREY 3 CEILING 0001_1", in Zone="C71E82E57D99BED1_F3_DWELLING_4".
   **   ~~~   ** Automatic fix is attempted.
   ** Warning ** GetVertices: Roof/Ceiling is upside down! Tilt angle=[180.0], should be near 0, Surface="BLOCK C71E82E57D99BED1_4 STOREY 3 CEILING 0001_2", in Zone="C71E82E57D99BED1_F3_DWELLING_4".
   **   ~~~   ** Automatic fix is attempted.
   ** Warning ** GetVertices: Roof/Ceiling is upside down! Tilt angle=[180.0], should be near 0, Surface="BLOCK C71E82E57D99BED1_4 STOREY 3 CEILING 0001_3", in Zone="C71E82E57D99BED1_F3_DWELLING_4".
   **   ~~~   ** Automatic fix is attempted.
   ** Warning ** GetVertices: Floor is upside down! Tilt angle=[0.0], should be near 180, Surface="BLOCK C71E82E57D99BED1_4 STOREY 4 FLOOR 0001_1", in Zone="C71E82E57D99BED1_F4_DWELLING_4".
   **   ~~~   ** Automatic fix is attempted.
   ** Warning ** GetVertices: Floor is upside down! Tilt angle=[0.0], should be near 180, Surface="BLOCK C71E82E57D99BED1_4 STOREY 4 FLOOR 0001_2", in Zone="C71E82E57D99BED1_F4_DWELLING_4".
   **   ~~~   ** Automatic fix is attempted.
   ** Warning ** GetVertices: Floor is upside down! Tilt angle=[0.0], should be near 180, Surface="BLOCK C71E82E57D99BED1_4 STOREY 4 FLOOR 0001_3", in Zone="C71E82E57D99BED1_F4_DWELLING_4".
   **   ~~~   ** Automatic fix is attempted.
   ** Warning ** GetVertices: Roof/Ceiling is upside down! Tilt angle=[180.0], should be near 0, Surface="BLOCK C71E82E57D99BED1_5 STOREY 3 ROOF 0001_1", in Zone="C71E82E57D99BED1_F3_DWELLING_5".
   **   ~~~   ** Automatic fix is attempted.
   ** Severe  ** CheckConvexity: Surface="BLOCK C71E82E57D99BED1_5 STOREY 3 ROOF 0001_1" is non-planar.
   **   ~~~   ** Coincident Vertices will be removed as possible.
   **   ~~~   **  (440385.601,4478487.634,  12.000)
   **   ~~~   **  (440385.798,4478487.768,  12.000)
   **   ~~~   **  (440388.567,4478489.655,  12.000)
   ** Warning ** GetVertices: Roof/Ceiling is upside down! Tilt angle=[180.0], should be near 0, Surface="BLOCK C71E82E57D99BED1_5 STOREY 3 ROOF 0001_2", in Zone="C71E82E57D99BED1_F3_DWELLING_5".
   **   ~~~   ** Automatic fix is attempted.
   ** Warning ** GetVertices: Roof/Ceiling is upside down! Tilt angle=[180.0], should be near 0, Surface="BLOCK C71E82E57D99BED1_5 STOREY 3 ROOF 0001_3", in Zone="C71E82E57D99BED1_F3_DWELLING_5".
   **   ~~~   ** Automatic fix is attempted.
   ** Warning ** GetVertices: Roof/Ceiling is upside down! Tilt angle=[180.0], should be near 0, Surface="BLOCK C71E82E57D99BED1_5 STOREY 3 ROOF 0001_4", in Zone="C71E82E57D99BED1_F3_DWELLING_5".
   **   ~~~   ** Automatic fix is attempted.
   ** Warning ** GetVertices: Roof/Ceiling is upside down! Tilt angle=[180.0], should be near 0, Surface="BLOCK C71E82E57D99BED1_0 STOREY 4 CEILING 0001_1", in Zone="C71E82E57D99BED1_F4_DWELLING_0".
   **   ~~~   ** Automatic fix is attempted.
   ** Warning ** GetVertices: Roof/Ceiling is upside down! Tilt angle=[180.0], should be near 0, Surface="BLOCK C71E82E57D99BED1_0 STOREY 4 CEILING 0001_2", in Zone="C71E82E57D99BED1_F4_DWELLING_0".
   **   ~~~   ** Automatic fix is attempted.
   ** Warning ** GetVertices: Roof/Ceiling is upside down! Tilt angle=[180.0], should be near 0, Surface="BLOCK C71E82E57D99BED1_0 STOREY 4 CEILING 0001_3", in Zone="C71E82E57D99BED1_F4_DWELLING_0".
   **   ~~~   ** Automatic fix is attempted.
   ** Warning ** GetVertices: Floor is upside down! Tilt angle=[0.0], should be near 180, Surface="BLOCK C71E82E57D99BED1_0 STOREY 5 FLOOR 0001_1", in Zone="C71E82E57D99BED1_F5_DWELLING_0".
   **   ~~~   ** Automatic fix is attempted.
   ** Warning ** GetVertices: Floor is upside down! Tilt angle=[0.0], should be near 180, Surface="BLOCK C71E82E57D99BED1_0 STOREY 5 FLOOR 0001_2", in Zone="C71E82E57D99BED1_F5_DWELLING_0".
   **   ~~~   ** Automatic fix is attempted.
   ** Warning ** GetVertices: Floor is upside down! Tilt angle=[0.0], should be near 180, Surface="BLOCK C71E82E57D99BED1_0 STOREY 5 FLOOR 0001_3", in Zone="C71E82E57D99BED1_F5_DWELLING_0".
   **   ~~~   ** Automatic fix is attempted.
   ** Warning ** GetVertices: Roof/Ceiling is upside down! Tilt angle=[180.0], should be near 0, Surface="BLOCK C71E82E57D99BED1_4 STOREY 4 CEILING 0001_1", in Zone="C71E82E57D99BED1_F4_DWELLING_4".
   **   ~~~   ** Automatic fix is attempted.
   ** Warning ** GetVertices: Roof/Ceiling is upside down! Tilt angle=[180.0], should be near 0, Surface="BLOCK C71E82E57D99BED1_4 STOREY 4 CEILING 0001_2", in Zone="C71E82E57D99BED1_F4_DWELLING_4".
   **   ~~~   ** Automatic fix is attempted.
   ** Warning ** GetVertices: Roof/Ceiling is upside down! Tilt angle=[180.0], should be near 0, Surface="BLOCK C71E82E57D99BED1_4 STOREY 4 CEILING 0001_3", in Zone="C71E82E57D99BED1_F4_DWELLING_4".
   **   ~~~   ** Automatic fix is attempted.
   ** Warning ** GetVertices: Floor is upside down! Tilt angle=[0.0], should be near 180, Surface="BLOCK C71E82E57D99BED1_4 STOREY 5 FLOOR 0001_1", in Zone="C71E82E57D99BED1_F5_DWELLING_4".
   **   ~~~   ** Automatic fix is attempted.
   ** Warning ** GetVertices: Floor is upside down! Tilt angle=[0.0], should be near 180, Surface="BLOCK C71E82E57D99BED1_4 STOREY 5 FLOOR 0001_2", in Zone="C71E82E57D99BED1_F5_DWELLING_4".
   **   ~~~   ** Automatic fix is attempted.
   ** Warning ** GetVertices: Floor is upside down! Tilt angle=[0.0], should be near 180, Surface="BLOCK C71E82E57D99BED1_4 STOREY 5 FLOOR 0001_3", in Zone="C71E82E57D99BED1_F5_DWELLING_4".
   **   ~~~   ** Automatic fix is attempted.
   ** Warning ** GetVertices: Roof/Ceiling is upside down! Tilt angle=[180.0], should be near 0, Surface="BLOCK C71E82E57D99BED1_0 STOREY 5 CEILING 0001_1", in Zone="C71E82E57D99BED1_F5_DWELLING_0".
   **   ~~~   ** Automatic fix is attempted.
   ** Warning ** GetVertices: Roof/Ceiling is upside down! Tilt angle=[180.0], should be near 0, Surface="BLOCK C71E82E57D99BED1_0 STOREY 5 CEILING 0001_2", in Zone="C71E82E57D99BED1_F5_DWELLING_0".
   **   ~~~   ** Automatic fix is attempted.
   ** Warning ** GetVertices: Roof/Ceiling is upside down! Tilt angle=[180.0], should be near 0, Surface="BLOCK C71E82E57D99BED1_0 STOREY 5 CEILING 0001_3", in Zone="C71E82E57D99BED1_F5_DWELLING_0".
   **   ~~~   ** Automatic fix is attempted.
   ** Warning ** GetVertices: Floor is upside down! Tilt angle=[0.0], should be near 180, Surface="BLOCK C71E82E57D99BED1_0 STOREY 6 FLOOR 0001_1", in Zone="C71E82E57D99BED1_F6_DWELLING_0".
   **   ~~~   ** Automatic fix is attempted.
   ** Warning ** GetVertices: Floor is upside down! Tilt angle=[0.0], should be near 180, Surface="BLOCK C71E82E57D99BED1_0 STOREY 6 FLOOR 0001_2", in Zone="C71E82E57D99BED1_F6_DWELLING_0".
   **   ~~~   ** Automatic fix is attempted.
   ** Warning ** GetVertices: Floor is upside down! Tilt angle=[0.0], should be near 180, Surface="BLOCK C71E82E57D99BED1_0 STOREY 6 FLOOR 0001_3", in Zone="C71E82E57D99BED1_F6_DWELLING_0".
   **   ~~~   ** Automatic fix is attempted.
   ** Warning ** GetVertices: Roof/Ceiling is upside down! Tilt angle=[180.0], should be near 0, Surface="BLOCK C71E82E57D99BED1_4 STOREY 5 CEILING 0001_1", in Zone="C71E82E57D99BED1_F5_DWELLING_4".
   **   ~~~   ** Automatic fix is attempted.
   ** Warning ** GetVertices: Roof/Ceiling is upside down! Tilt angle=[180.0], should be near 0, Surface="BLOCK C71E82E57D99BED1_4 STOREY 5 CEILING 0001_2", in Zone="C71E82E57D99BED1_F5_DWELLING_4".
   **   ~~~   ** Automatic fix is attempted.
   ** Warning ** GetVertices: Roof/Ceiling is upside down! Tilt angle=[180.0], should be near 0, Surface="BLOCK C71E82E57D99BED1_4 STOREY 5 CEILING 0001_3", in Zone="C71E82E57D99BED1_F5_DWELLING_4".
   **   ~~~   ** Automatic fix is attempted.
   ** Warning ** GetVertices: Floor is upside down! Tilt angle=[0.0], should be near 180, Surface="BLOCK C71E82E57D99BED1_4 STOREY 6 FLOOR 0001_1", in Zone="C71E82E57D99BED1_F6_DWELLING_4".
   **   ~~~   ** Automatic fix is attempted.
   ** Warning ** GetVertices: Floor is upside down! Tilt angle=[0.0], should be near 180, Surface="BLOCK C71E82E57D99BED1_4 STOREY 6 FLOOR 0001_2", in Zone="C71E82E57D99BED1_F6_DWELLING_4".
   **   ~~~   ** Automatic fix is attempted.
   ** Warning ** GetVertices: Floor is upside down! Tilt angle=[0.0], should be near 180, Surface="BLOCK C71E82E57D99BED1_4 STOREY 6 FLOOR 0001_3", in Zone="C71E82E57D99BED1_F6_DWELLING_4".
   **   ~~~   ** Automatic fix is attempted.
   ** Warning ** GetVertices: Roof/Ceiling is upside down! Tilt angle=[180.0], should be near 0, Surface="BLOCK C71E82E57D99BED1_0 STOREY 6 ROOF 0001_1", in Zone="C71E82E57D99BED1_F6_DWELLING_0".
   **   ~~~   ** Automatic fix is attempted.
   ** Warning ** GetVertices: Roof/Ceiling is upside down! Tilt angle=[180.0], should be near 0, Surface="BLOCK C71E82E57D99BED1_0 STOREY 6 ROOF 0001_2", in Zone="C71E82E57D99BED1_F6_DWELLING_0".
   **   ~~~   ** Automatic fix is attempted.
   ** Warning ** GetVertices: Roof/Ceiling is upside down! Tilt angle=[180.0], should be near 0, Surface="BLOCK C71E82E57D99BED1_0 STOREY 6 ROOF 0001_3", in Zone="C71E82E57D99BED1_F6_DWELLING_0".
   **   ~~~   ** Automatic fix is attempted.
   ** Warning ** GetVertices: Roof/Ceiling is upside down! Tilt angle=[180.0], should be near 0, Surface="BLOCK C71E82E57D99BED1_4 STOREY 6 ROOF 0001_1", in Zone="C71E82E57D99BED1_F6_DWELLING_4".
   **   ~~~   ** Automatic fix is attempted.
   ** Warning ** GetVertices: Roof/Ceiling is upside down! Tilt angle=[180.0], should be near 0, Surface="BLOCK C71E82E57D99BED1_4 STOREY 6 ROOF 0001_2", in Zone="C71E82E57D99BED1_F6_DWELLING_4".
   **   ~~~   ** Automatic fix is attempted.
   ** Warning ** GetVertices: Roof/Ceiling is upside down! Tilt angle=[180.0], should be near 0, Surface="BLOCK C71E82E57D99BED1_4 STOREY 6 ROOF 0001_3", in Zone="C71E82E57D99BED1_F6_DWELLING_4".
   **   ~~~   ** Automatic fix is attempted.
   ** Warning ** GetVertices: Roof/Ceiling is upside down! Tilt angle=[180.0], should be near 0, Surface="BLOCK C71E82E57D99BED1_1 STOREY 0 CEILING 0001_1", in Zone="C71E82E57D99BED1_F0_DWELLING_1".
   **   ~~~   ** Automatic fix is attempted.
   ** Warning ** GetVertices: Floor is upside down! Tilt angle=[0.0], should be near 180, Surface="BLOCK C71E82E57D99BED1_1 STOREY 1 FLOOR 0001_1", in Zone="C71E82E57D99BED1_F1_DWELLING_1".
   **   ~~~   ** Automatic fix is attempted.
   ** Warning ** GetVertices: Roof/Ceiling is upside down! Tilt angle=[180.0], should be near 0, Surface="BLOCK C71E82E57D99BED1_1 STOREY 1 CEILING 0001_1", in Zone="C71E82E57D99BED1_F1_DWELLING_1".
   **   ~~~   ** Automatic fix is attempted.
   ** Warning ** GetVertices: Floor is upside down! Tilt angle=[0.0], should be near 180, Surface="BLOCK C71E82E57D99BED1_1 STOREY 2 FLOOR 0001_1", in Zone="C71E82E57D99BED1_F2_DWELLING_1".
   **   ~~~   ** Automatic fix is attempted.
   ** Warning ** GetVertices: Roof/Ceiling is upside down! Tilt angle=[180.0], should be near 0, Surface="BLOCK C71E82E57D99BED1_1 STOREY 2 CEILING 0001_1", in Zone="C71E82E57D99BED1_F2_DWELLING_1".
   **   ~~~   ** Automatic fix is attempted.
   ** Warning ** GetVertices: Floor is upside down! Tilt angle=[0.0], should be near 180, Surface="BLOCK C71E82E57D99BED1_1 STOREY 3 FLOOR 0001_1", in Zone="C71E82E57D99BED1_F3_DWELLING_1".
   **   ~~~   ** Automatic fix is attempted.
   ** Warning ** GetVertices: Roof/Ceiling is upside down! Tilt angle=[180.0], should be near 0, Surface="BLOCK C71E82E57D99BED1_1 STOREY 3 CEILING 0001_1", in Zone="C71E82E57D99BED1_F3_DWELLING_1".
   **   ~~~   ** Automatic fix is attempted.
   ** Warning ** GetVertices: Floor is upside down! Tilt angle=[0.0], should be near 180, Surface="BLOCK C71E82E57D99BED1_1 STOREY 4 FLOOR 0001_1", in Zone="C71E82E57D99BED1_F4_DWELLING_1".
   **   ~~~   ** Automatic fix is attempted.
   ** Warning ** GetVertices: Roof/Ceiling is upside down! Tilt angle=[180.0], should be near 0, Surface="BLOCK C71E82E57D99BED1_1 STOREY 4 CEILING 0001_1", in Zone="C71E82E57D99BED1_F4_DWELLING_1".
   **   ~~~   ** Automatic fix is attempted.
   ** Warning ** GetVertices: Floor is upside down! Tilt angle=[0.0], should be near 180, Surface="BLOCK C71E82E57D99BED1_1 STOREY 5 FLOOR 0001_1", in Zone="C71E82E57D99BED1_F5_DWELLING_1".
   **   ~~~   ** Automatic fix is attempted.
   ** Warning ** GetVertices: Roof/Ceiling is upside down! Tilt angle=[180.0], should be near 0, Surface="BLOCK C71E82E57D99BED1_1 STOREY 5 CEILING 0001_1", in Zone="C71E82E57D99BED1_F5_DWELLING_1".
   **   ~~~   ** Automatic fix is attempted.
   ** Warning ** GetVertices: Floor is upside down! Tilt angle=[0.0], should be near 180, Surface="BLOCK C71E82E57D99BED1_1 STOREY 6 FLOOR 0001_1", in Zone="C71E82E57D99BED1_F6_DWELLING_1".
   **   ~~~   ** Automatic fix is attempted.
   ** Warning ** GetVertices: Roof/Ceiling is upside down! Tilt angle=[180.0], should be near 0, Surface="BLOCK C71E82E57D99BED1_2 STOREY 0 CEILING 0001_1", in Zone="C71E82E57D99BED1_F0_DWELLING_2".
   **   ~~~   ** Automatic fix is attempted.
   ** Warning ** GetVertices: Floor is upside down! Tilt angle=[0.0], should be near 180, Surface="BLOCK C71E82E57D99BED1_2 STOREY 1 FLOOR 0001_1", in Zone="C71E82E57D99BED1_F1_DWELLING_2".
   **   ~~~   ** Automatic fix is attempted.
   ** Warning ** GetVertices: Roof/Ceiling is upside down! Tilt angle=[180.0], should be near 0, Surface="BLOCK C71E82E57D99BED1_2 STOREY 1 CEILING 0001_1", in Zone="C71E82E57D99BED1_F1_DWELLING_2".
   **   ~~~   ** Automatic fix is attempted.
   ** Warning ** GetVertices: Floor is upside down! Tilt angle=[0.0], should be near 180, Surface="BLOCK C71E82E57D99BED1_2 STOREY 2 FLOOR 0001_1", in Zone="C71E82E57D99BED1_F2_DWELLING_2".
   **   ~~~   ** Automatic fix is attempted.
   ** Warning ** GetVertices: Roof/Ceiling is upside down! Tilt angle=[180.0], should be near 0, Surface="BLOCK C71E82E57D99BED1_2 STOREY 2 CEILING 0001_1", in Zone="C71E82E57D99BED1_F2_DWELLING_2".
   **   ~~~   ** Automatic fix is attempted.
   ** Warning ** GetVertices: Floor is upside down! Tilt angle=[0.0], should be near 180, Surface="BLOCK C71E82E57D99BED1_2 STOREY 3 FLOOR 0001_1", in Zone="C71E82E57D99BED1_F3_DWELLING_2".
   **   ~~~   ** Automatic fix is attempted.
   ** Warning ** GetVertices: Roof/Ceiling is upside down! Tilt angle=[180.0], should be near 0, Surface="BLOCK C71E82E57D99BED1_2 STOREY 3 CEILING 0001_1", in Zone="C71E82E57D99BED1_F3_DWELLING_2".
   **   ~~~   ** Automatic fix is attempted.
   ** Warning ** GetVertices: Floor is upside down! Tilt angle=[0.0], should be near 180, Surface="BLOCK C71E82E57D99BED1_2 STOREY 4 FLOOR 0001_1", in Zone="C71E82E57D99BED1_F4_DWELLING_2".
   **   ~~~   ** Automatic fix is attempted.
   ** Warning ** GetVertices: Roof/Ceiling is upside down! Tilt angle=[180.0], should be near 0, Surface="BLOCK C71E82E57D99BED1_2 STOREY 4 CEILING 0001_1", in Zone="C71E82E57D99BED1_F4_DWELLING_2".
   **   ~~~   ** Automatic fix is attempted.
   ** Warning ** GetVertices: Floor is upside down! Tilt angle=[0.0], should be near 180, Surface="BLOCK C71E82E57D99BED1_2 STOREY 5 FLOOR 0001_1", in Zone="C71E82E57D99BED1_F5_DWELLING_2".
   **   ~~~   ** Automatic fix is attempted.
   ** Warning ** GetVertices: Roof/Ceiling is upside down! Tilt angle=[180.0], should be near 0, Surface="BLOCK C71E82E57D99BED1_2 STOREY 5 CEILING 0001_1", in Zone="C71E82E57D99BED1_F5_DWELLING_2".
   **   ~~~   ** Automatic fix is attempted.
   ** Warning ** GetVertices: Floor is upside down! Tilt angle=[0.0], should be near 180, Surface="BLOCK C71E82E57D99BED1_2 STOREY 6 FLOOR 0001_1", in Zone="C71E82E57D99BED1_F6_DWELLING_2".
   **   ~~~   ** Automatic fix is attempted.
   ** Warning ** GetVertices: Roof/Ceiling is upside down! Tilt angle=[180.0], should be near 0, Surface="BLOCK C71E82E57D99BED1_3 STOREY 0 CEILING 0001_1", in Zone="C71E82E57D99BED1_F0_DWELLING_3".
   **   ~~~   ** Automatic fix is attempted.
   ** Warning ** GetVertices: Floor is upside down! Tilt angle=[0.0], should be near 180, Surface="BLOCK C71E82E57D99BED1_3 STOREY 1 FLOOR 0001_1", in Zone="C71E82E57D99BED1_F1_DWELLING_3".
   **   ~~~   ** Automatic fix is attempted.
   ** Warning ** GetVertices: Roof/Ceiling is upside down! Tilt angle=[180.0], should be near 0, Surface="BLOCK C71E82E57D99BED1_3 STOREY 1 CEILING 0001_1", in Zone="C71E82E57D99BED1_F1_DWELLING_3".
   **   ~~~   ** Automatic fix is attempted.
   ** Warning ** GetVertices: Floor is upside down! Tilt angle=[0.0], should be near 180, Surface="BLOCK C71E82E57D99BED1_3 STOREY 2 FLOOR 0001_1", in Zone="C71E82E57D99BED1_F2_DWELLING_3".
   **   ~~~   ** Automatic fix is attempted.
   ** Warning ** GetVertices: Roof/Ceiling is upside down! Tilt angle=[180.0], should be near 0, Surface="BLOCK C71E82E57D99BED1_3 STOREY 2 CEILING 0001_1", in Zone="C71E82E57D99BED1_F2_DWELLING_3".
   **   ~~~   ** Automatic fix is attempted.
   ** Warning ** GetVertices: Floor is upside down! Tilt angle=[0.0], should be near 180, Surface="BLOCK C71E82E57D99BED1_3 STOREY 3 FLOOR 0001_1", in Zone="C71E82E57D99BED1_F3_DWELLING_3".
   **   ~~~   ** Automatic fix is attempted.
   ** Warning ** GetVertices: Roof/Ceiling is upside down! Tilt angle=[180.0], should be near 0, Surface="BLOCK C71E82E57D99BED1_3 STOREY 3 CEILING 0001_1", in Zone="C71E82E57D99BED1_F3_DWELLING_3".
   **   ~~~   ** Automatic fix is attempted.
   ** Warning ** GetVertices: Floor is upside down! Tilt angle=[0.0], should be near 180, Surface="BLOCK C71E82E57D99BED1_3 STOREY 4 FLOOR 0001_1", in Zone="C71E82E57D99BED1_F4_DWELLING_3".
   **   ~~~   ** Automatic fix is attempted.
   ** Warning ** GetVertices: Roof/Ceiling is upside down! Tilt angle=[180.0], should be near 0, Surface="BLOCK C71E82E57D99BED1_3 STOREY 4 CEILING 0001_1", in Zone="C71E82E57D99BED1_F4_DWELLING_3".
   **   ~~~   ** Automatic fix is attempted.
   ** Warning ** GetVertices: Floor is upside down! Tilt angle=[0.0], should be near 180, Surface="BLOCK C71E82E57D99BED1_3 STOREY 5 FLOOR 0001_1", in Zone="C71E82E57D99BED1_F5_DWELLING_3".
   **   ~~~   ** Automatic fix is attempted.
   ** Warning ** GetVertices: Roof/Ceiling is upside down! Tilt angle=[180.0], should be near 0, Surface="BLOCK C71E82E57D99BED1_3 STOREY 5 CEILING 0001_1", in Zone="C71E82E57D99BED1_F5_DWELLING_3".
   **   ~~~   ** Automatic fix is attempted.
   ** Warning ** GetVertices: Floor is upside down! Tilt angle=[0.0], should be near 180, Surface="BLOCK C71E82E57D99BED1_3 STOREY 6 FLOOR 0001_1", in Zone="C71E82E57D99BED1_F6_DWELLING_3".
   **   ~~~   ** Automatic fix is attempted.
   ** Warning ** GetSurfaceData: InterZone Surface Areas do not match as expected and might not satisfy conservation of energy:
   **   ~~~   ** ...use Output:Diagnostics,DisplayExtraWarnings; to show more details on individual mismatches.
   ** Warning ** GetSurfaceData: Very small surface area[1.07474E-004], Surface=BLOCK C71E82E57D99BED1_0 STOREY 0 FLOOR 0001_2
   ** Warning ** GetSurfaceData: Very small surface area[2.29282E-005], Surface=BLOCK C71E82E57D99BED1_0 STOREY 0 FLOOR 0001_3
   ** Warning ** GetSurfaceData: Very small surface area[9.14347E-004], Surface=BLOCK C71E82E57D99BED1_0 STOREY 0 FLOOR 0001_5
   ** Warning ** GetSurfaceData: Very small surface area[3.58477E-005], Surface=BLOCK C71E82E57D99BED1_0 STOREY 0 CEILING 0001_4
   ** Warning ** GetSurfaceData: Very small surface area[9.14347E-004], Surface=BLOCK C71E82E57D99BED1_0 STOREY 0 CEILING 0001_5
   ** Warning ** GetSurfaceData: Very small surface area[1.07474E-004], Surface=BLOCK C71E82E57D99BED1_0 STOREY 0 CEILING 0001_6
   ** Warning ** GetSurfaceData: Very small surface area[3.58477E-005], Surface=BLOCK C71E82E57D99BED1_0 STOREY 1 FLOOR 0001_2
   ** Warning ** GetSurfaceData: Very small surface area[9.14347E-004], Surface=BLOCK C71E82E57D99BED1_0 STOREY 1 FLOOR 0001_5
   ** Warning ** GetSurfaceData: Very small surface area[1.07474E-004], Surface=BLOCK C71E82E57D99BED1_0 STOREY 1 FLOOR 0001_6
   ** Warning ** GetSurfaceData: Very small surface area[3.58477E-005], Surface=BLOCK C71E82E57D99BED1_0 STOREY 1 CEILING 0001_4
   ** Warning ** GetSurfaceData: Very small surface area[9.14347E-004], Surface=BLOCK C71E82E57D99BED1_0 STOREY 1 CEILING 0001_5
   ** Warning ** GetSurfaceData: Very small surface area[1.07474E-004], Surface=BLOCK C71E82E57D99BED1_0 STOREY 1 CEILING 0001_6
   ** Warning ** GetSurfaceData: Very small surface area[3.58477E-005], Surface=BLOCK C71E82E57D99BED1_0 STOREY 2 FLOOR 0001_2
   ** Warning ** GetSurfaceData: Very small surface area[9.14347E-004], Surface=BLOCK C71E82E57D99BED1_0 STOREY 2 FLOOR 0001_5
   ** Warning ** GetSurfaceData: Very small surface area[1.07474E-004], Surface=BLOCK C71E82E57D99BED1_0 STOREY 2 FLOOR 0001_6
   ** Warning ** GetSurfaceData: Very small surface area[3.58477E-005], Surface=BLOCK C71E82E57D99BED1_0 STOREY 2 CEILING 0001_4
   ** Warning ** GetSurfaceData: Very small surface area[9.14347E-004], Surface=BLOCK C71E82E57D99BED1_0 STOREY 2 CEILING 0001_5
   ** Warning ** GetSurfaceData: Very small surface area[1.07474E-004], Surface=BLOCK C71E82E57D99BED1_0 STOREY 2 CEILING 0001_6
   ** Warning ** GetSurfaceData: Very small surface area[3.58477E-005], Surface=BLOCK C71E82E57D99BED1_0 STOREY 3 FLOOR 0001_2
   ** Warning ** GetSurfaceData: Very small surface area[9.14347E-004], Surface=BLOCK C71E82E57D99BED1_0 STOREY 3 FLOOR 0001_5
   ** Warning ** GetSurfaceData: Very small surface area[1.07474E-004], Surface=BLOCK C71E82E57D99BED1_0 STOREY 3 FLOOR 0001_6
   ** Warning ** GetSurfaceData: Very small surface area[3.58477E-005], Surface=BLOCK C71E82E57D99BED1_0 STOREY 3 CEILING 0001_4
   ** Warning ** GetSurfaceData: Very small surface area[9.14347E-004], Surface=BLOCK C71E82E57D99BED1_0 STOREY 3 CEILING 0001_5
   ** Warning ** GetSurfaceData: Very small surface area[1.07474E-004], Surface=BLOCK C71E82E57D99BED1_0 STOREY 3 CEILING 0001_6
   ** Warning ** GetSurfaceData: Very small surface area[3.58477E-005], Surface=BLOCK C71E82E57D99BED1_0 STOREY 4 FLOOR 0001_2
   ** Warning ** GetSurfaceData: Very small surface area[1.07474E-004], Surface=BLOCK C71E82E57D99BED1_0 STOREY 4 FLOOR 0001_4
   ** Warning ** GetSurfaceData: Very small surface area[1.07474E-004], Surface=BLOCK C71E82E57D99BED1_0 STOREY 4 CEILING 0001_3
   ** Warning ** GetSurfaceData: Very small surface area[1.07474E-004], Surface=BLOCK C71E82E57D99BED1_0 STOREY 5 FLOOR 0001_3
   ** Warning ** GetSurfaceData: Very small surface area[1.07474E-004], Surface=BLOCK C71E82E57D99BED1_0 STOREY 5 CEILING 0001_3
   ** Warning ** GetSurfaceData: Very small surface area[1.07474E-004], Surface=BLOCK C71E82E57D99BED1_0 STOREY 6 FLOOR 0001_3
   ** Warning ** GetSurfaceData: Very small surface area[1.07474E-004], Surface=BLOCK C71E82E57D99BED1_0 STOREY 6 ROOF 0001_1
   ** Warning ** GetSurfaceData: Very small surface area[1.07474E-004], Surface=BLOCK C71E82E57D99BED1_4 STOREY 0 FLOOR 0001_2
   ** Warning ** GetSurfaceData: Very small surface area[1.07474E-004], Surface=BLOCK C71E82E57D99BED1_4 STOREY 0 CEILING 0001_1
   ** Warning ** GetSurfaceData: Very small surface area[1.07474E-004], Surface=BLOCK C71E82E57D99BED1_4 STOREY 1 FLOOR 0001_2
   ** Warning ** GetSurfaceData: Very small surface area[1.07474E-004], Surface=BLOCK C71E82E57D99BED1_4 STOREY 1 CEILING 0001_1
   ** Warning ** GetSurfaceData: Very small surface area[1.07474E-004], Surface=BLOCK C71E82E57D99BED1_4 STOREY 2 FLOOR 0001_2
   ** Warning ** GetSurfaceData: Very small surface area[1.07474E-004], Surface=BLOCK C71E82E57D99BED1_4 STOREY 2 CEILING 0001_1
   ** Warning ** GetSurfaceData: Very small surface area[1.07474E-004], Surface=BLOCK C71E82E57D99BED1_4 STOREY 3 FLOOR 0001_2
   ** Warning ** GetSurfaceData: Very small surface area[1.07474E-004], Surface=BLOCK C71E82E57D99BED1_4 STOREY 3 CEILING 0001_1
   ** Warning ** GetSurfaceData: Very small surface area[1.07474E-004], Surface=BLOCK C71E82E57D99BED1_4 STOREY 4 FLOOR 0001_2
   ** Warning ** GetSurfaceData: Very small surface area[1.07474E-004], Surface=BLOCK C71E82E57D99BED1_4 STOREY 4 CEILING 0001_1
   ** Warning ** GetSurfaceData: Very small surface area[1.07474E-004], Surface=BLOCK C71E82E57D99BED1_4 STOREY 5 FLOOR 0001_2
   ** Warning ** GetSurfaceData: Very small surface area[1.07474E-004], Surface=BLOCK C71E82E57D99BED1_4 STOREY 5 CEILING 0001_1
   ** Warning ** GetSurfaceData: Very small surface area[1.07474E-004], Surface=BLOCK C71E82E57D99BED1_4 STOREY 6 FLOOR 0001_2
   ** Warning ** GetSurfaceData: Very small surface area[1.07474E-004], Surface=BLOCK C71E82E57D99BED1_4 STOREY 6 ROOF 0001_1
   ** Warning ** GetSurfaceData: Very small surface area[2.29280E-005], Surface=BLOCK C71E82E57D99BED1_5 STOREY 0 FLOOR 0001_2
   ** Warning ** GetSurfaceData: Very small surface area[9.14347E-004], Surface=BLOCK C71E82E57D99BED1_5 STOREY 0 FLOOR 0001_4
   ** Warning ** GetSurfaceData: Very small surface area[3.58477E-005], Surface=BLOCK C71E82E57D99BED1_5 STOREY 0 CEILING 0001_1
   ** Warning ** GetSurfaceData: Very small surface area[9.14346E-004], Surface=BLOCK C71E82E57D99BED1_5 STOREY 0 CEILING 0001_4
   ** Warning ** GetSurfaceData: Very small surface area[2.29280E-005], Surface=BLOCK C71E82E57D99BED1_5 STOREY 1 FLOOR 0001_2
   ** Warning ** GetSurfaceData: Very small surface area[9.14346E-004], Surface=BLOCK C71E82E57D99BED1_5 STOREY 1 FLOOR 0001_4
   ** Warning ** GetSurfaceData: Very small surface area[3.58477E-005], Surface=BLOCK C71E82E57D99BED1_5 STOREY 1 CEILING 0001_1
   ** Warning ** GetSurfaceData: Very small surface area[9.14346E-004], Surface=BLOCK C71E82E57D99BED1_5 STOREY 1 CEILING 0001_4
   ** Warning ** GetSurfaceData: Very small surface area[2.29280E-005], Surface=BLOCK C71E82E57D99BED1_5 STOREY 2 FLOOR 0001_2
   ** Warning ** GetSurfaceData: Very small surface area[9.14346E-004], Surface=BLOCK C71E82E57D99BED1_5 STOREY 2 FLOOR 0001_4
   ** Warning ** GetSurfaceData: Very small surface area[3.58477E-005], Surface=BLOCK C71E82E57D99BED1_5 STOREY 2 CEILING 0001_1
   ** Warning ** GetSurfaceData: Very small surface area[9.14346E-004], Surface=BLOCK C71E82E57D99BED1_5 STOREY 2 CEILING 0001_4
   ** Warning ** GetSurfaceData: Very small surface area[2.29280E-005], Surface=BLOCK C71E82E57D99BED1_5 STOREY 3 FLOOR 0001_2
   ** Warning ** GetSurfaceData: Very small surface area[9.14346E-004], Surface=BLOCK C71E82E57D99BED1_5 STOREY 3 FLOOR 0001_4
   ** Warning ** GetSurfaceData: Very small surface area[3.58477E-005], Surface=BLOCK C71E82E57D99BED1_5 STOREY 3 ROOF 0001_1
   ** Warning ** GetSurfaceData: Very small surface area[9.14347E-004], Surface=BLOCK C71E82E57D99BED1_5 STOREY 3 ROOF 0001_4
   ** Warning ** GetSurfaceData: There are 560 coincident/collinear vertices; These have been deleted unless the deletion would bring the number of surface sides < 3.
   **   ~~~   ** For explicit details on each problem surface, use Output:Diagnostics,DisplayExtraWarnings;
   ** Severe  ** GetSurfaceData: There are 114 degenerate surfaces; Degenerate surfaces are those with number of sides < 3.
   **   ~~~   ** These surfaces should be deleted.
   **   ~~~   ** For explicit details on each problem surface, use Output:Diagnostics,DisplayExtraWarnings;
   ** Severe  ** CalcCoordinateTransformation: Invalid dot product, surface="BLOCK C71E82E57D99BED1_0 STOREY 1 FLOOR 0001_6":
   **   ~~~   **  (440390.202,4478490.769,   3.000)
   **   ~~~   **  (440388.567,4478489.655,   3.000)
   **   ~~~   **  (440388.567,4478489.655,   3.000)
   **  Fatal  ** CalcCoordinateTransformation: Program terminates due to preceding condition.
   ...Summary of Errors that led to program termination:
   ..... Reference severe error count=132
   ..... Last severe error=CalcCoordinateTransformation: Invalid dot product, surface="BLOCK C71E82E57D99BED1_0 STOREY 1 FLOOR 0001_6":
   ************* Warning:  Node connection errors not checked - most system input has not been read (see previous warning).
   ************* Fatal error -- final processing.  Program exited before simulations began.  See previous error messages.
   *************
   ************* ===== Final Error Summary =====
   ************* The following error categories occurred.  Consider correcting or noting.
   ************* InterZone Surface Areas -- mismatch
   ************* ..Area mismatch errors happen when the interzone surface in zone A is
   ************* ..not the same size as it's companion in zone B.
   *************
   ************* EnergyPlus Warmup Error Summary. During Warmup: 0 Warning; 0 Severe Errors.
   ************* EnergyPlus Sizing Error Summary. During Sizing: 226 Warning; 18 Severe Errors.
   ************* EnergyPlus Terminated--Fatal Error Detected. 786 Warning; 132 Severe Errors; Elapsed Time=00hr 00min  0.38sec
