Program Version,EnergyPlus, Version 23.1.0-87ed9199d4, YMD=2026.08.25 14:59,
   ** Severe  ** <root>[BuildingSurface:Detailed][Block BATIMENT0000000240877527_part0_whole Storey 0 Floor 0001][vertices][120][vertex_x_coordinate] - Value type "string" for input "BUILDINGSURFACE:DETAILED" not permitted by 'type' constraint.
   ** Severe  ** <root>[BuildingSurface:Detailed][Block BATIMENT0000000240877527_part0_whole Storey 0 Floor 0001][vertices][120][vertex_y_coordinate] - Value type "string" for input "Block BATIMENT0000000240877527_part0_whole Storey 1 Wall 0001" not permitted by 'type' constraint.
   ** Severe  ** <root>[BuildingSurface:Detailed][Block BATIMENT0000000240877527_part0_whole Storey 0 Floor 0001][vertices][120][vertex_z_coordinate] - Value type "string" for input "wall" not permitted by 'type' constraint.
   ** Severe  ** <root>[BuildingSurface:Detailed][Block BATIMENT0000000240877527_part0_whole Storey 0 Floor 0001][vertices][121][vertex_x_coordinate] - Value type "string" for input "EU Layout Smoke Construction" not permitted by 'type' constraint.
   ** Severe  ** <root>[BuildingSurface:Detailed][Block BATIMENT0000000240877527_part0_whole Storey 0 Floor 0001][vertices][121][vertex_y_coordinate] - Value type "string" for input "BATIMENT0000000240877527_part0_F1_whole" not permitted by 'type' constraint.
   ** Severe  ** <root>[BuildingSurface:Detailed][Block BATIMENT0000000240877527_part0_whole Storey 0 Floor 0001][vertices][122][vertex_x_coordinate] - Value type "string" for input "outdoors" not permitted by 'type' constraint.
   ** Severe  ** <root>[BuildingSurface:Detailed][Block BATIMENT0000000240877527_part0_whole Storey 0 Floor 0001][vertices][122][vertex_z_coordinate] - Value type "string" for input "SunExposed" not permitted by 'type' constraint.
   ** Severe  ** <root>[BuildingSurface:Detailed][Block BATIMENT0000000240877527_part0_whole Storey 0 Floor 0001][vertices][123][vertex_x_coordinate] - Value type "string" for input "WindExposed" not permitted by 'type' constraint.
   ** Severe  ** <root>[BuildingSurface:Detailed][Block BATIMENT0000000240877527_part0_whole Storey 0 Floor 0001][vertices][123][vertex_y_coordinate] - Value type "string" for input "autocalculate" not permitted by 'type' constraint.
   ** Severe  ** <root>[BuildingSurface:Detailed][Block BATIMENT0000000240877527_part0_whole Storey 0 Floor 0001][vertices][123][vertex_z_coordinate] - Value type "string" for input "autocalculate" not permitted by 'type' constraint.
   **  Fatal  ** Errors occurred on processing input file. Preceding condition(s) cause termination.
   ...Summary of Errors that led to program termination:
   ..... Reference severe error count=10
   ..... Last severe error=<root>[BuildingSurface:Detailed][Block BATIMENT0000000240877527_part0_whole Storey 0 Floor 0001][vertices][123][vertex_z_coordinate] - Value type "string" for input "autocalculate" not permitted by 'type' constraint.
   ************* Warning:  Node connection errors not checked - most system input has not been read (see previous warning).
   ************* Fatal error -- final processing.  Program exited before simulations began.  See previous error messages.
   ************* EnergyPlus Warmup Error Summary. During Warmup: 0 Warning; 0 Severe Errors.
   ************* EnergyPlus Sizing Error Summary. During Sizing: 0 Warning; 0 Severe Errors.
   ************* EnergyPlus Terminated--Fatal Error Detected. 0 Warning; 10 Severe Errors; Elapsed Time=00hr 00min  0.07sec
