Program Version,EnergyPlus, Version 23.1.0-87ed9199d4, YMD=2026.08.25 16:05,
   ** Warning ** No reporting elements have been requested. No simulation results produced.
   **   ~~~   ** ...Review requirements such as "Output:Table:SummaryReports", "Output:Table:Monthly", "Output:Variable", "Output:Meter" and others.
   ************* Beginning Zone Sizing Calculations
   ** Warning ** SizingPeriod:DesignDay="EU COLD DAY", invalid data.
   **   ~~~   ** ..invalid field: Sky Clearness is blank.
   **   ~~~   ** ..Zero clear sky (no solar) will be used.
   ** Warning ** ProcessScheduleInput: Schedule:Constant="EU_ALWAYSON", Blank Schedule Type Limits Name input -- will not be validated.
   ** Warning ** ProcessScheduleInput: Schedule:Constant="EU_COOLINGOFF", Blank Schedule Type Limits Name input -- will not be validated.
   ** Warning ** This building has no thermal mass which can cause an unstable solution.
   **   ~~~   ** Use Material object for all opaque material definitions except very light insulation layers.
   ** Warning ** GetHTSurfaceData: Surfaces with interface to Ground found but no "Ground Temperatures" were input.
   **   ~~~   ** Found first in surface=BLOCK BATIMENT0000000240877151_PART0_WHOLE STOREY 0 FLOOR 0001
   **   ~~~   ** Defaults, constant throughout the year of (18.0) will be used.
   ** Warning ** GetVertices: Floor is upside down! Tilt angle=[0.0], should be near 180, Surface="BLOCK BATIMENT0000000240877151_PART0_WHOLE STOREY 0 FLOOR 0001", in Zone="BATIMENT0000000240877151_PART0_F0_WHOLE".
   **   ~~~   ** Automatic fix is attempted.
   ** Warning ** GetVertices: Roof/Ceiling is upside down! Tilt angle=[180.0], should be near 0, Surface="BLOCK BATIMENT0000000240877151_PART0_WHOLE STOREY 5 ROOF 0001", in Zone="BATIMENT0000000240877151_PART0_F5_WHOLE".
   **   ~~~   ** Automatic fix is attempted.
   ** Warning ** GetVertices: Roof/Ceiling is upside down! Tilt angle=[180.0], should be near 0, Surface="BLOCK BATIMENT0000000240877151_PART0_WHOLE STOREY 0 CEILING 0001_1", in Zone="BATIMENT0000000240877151_PART0_F0_WHOLE".
   **   ~~~   ** Automatic fix is attempted.
   ** Warning ** GetVertices: Floor is upside down! Tilt angle=[0.0], should be near 180, Surface="BLOCK BATIMENT0000000240877151_PART0_WHOLE STOREY 1 FLOOR 0001_1", in Zone="BATIMENT0000000240877151_PART0_F1_WHOLE".
   **   ~~~   ** Automatic fix is attempted.
   ** Warning ** GetVertices: Roof/Ceiling is upside down! Tilt angle=[180.0], should be near 0, Surface="BLOCK BATIMENT0000000240877151_PART0_WHOLE STOREY 1 CEILING 0001_1", in Zone="BATIMENT0000000240877151_PART0_F1_WHOLE".
   **   ~~~   ** Automatic fix is attempted.
   ** Warning ** GetVertices: Floor is upside down! Tilt angle=[0.0], should be near 180, Surface="BLOCK BATIMENT0000000240877151_PART0_WHOLE STOREY 2 FLOOR 0001_1", in Zone="BATIMENT0000000240877151_PART0_F2_WHOLE".
   **   ~~~   ** Automatic fix is attempted.
   ** Warning ** GetVertices: Roof/Ceiling is upside down! Tilt angle=[180.0], should be near 0, Surface="BLOCK BATIMENT0000000240877151_PART0_WHOLE STOREY 2 CEILING 0001_1", in Zone="BATIMENT0000000240877151_PART0_F2_WHOLE".
   **   ~~~   ** Automatic fix is attempted.
   ** Warning ** GetVertices: Floor is upside down! Tilt angle=[0.0], should be near 180, Surface="BLOCK BATIMENT0000000240877151_PART0_WHOLE STOREY 3 FLOOR 0001_1", in Zone="BATIMENT0000000240877151_PART0_F3_WHOLE".
   **   ~~~   ** Automatic fix is attempted.
   ** Warning ** GetVertices: Roof/Ceiling is upside down! Tilt angle=[180.0], should be near 0, Surface="BLOCK BATIMENT0000000240877151_PART0_WHOLE STOREY 3 CEILING 0001_1", in Zone="BATIMENT0000000240877151_PART0_F3_WHOLE".
   **   ~~~   ** Automatic fix is attempted.
   ** Warning ** GetVertices: Floor is upside down! Tilt angle=[0.0], should be near 180, Surface="BLOCK BATIMENT0000000240877151_PART0_WHOLE STOREY 4 FLOOR 0001_1", in Zone="BATIMENT0000000240877151_PART0_F4_WHOLE".
   **   ~~~   ** Automatic fix is attempted.
   ** Warning ** GetVertices: Roof/Ceiling is upside down! Tilt angle=[180.0], should be near 0, Surface="BLOCK BATIMENT0000000240877151_PART0_WHOLE STOREY 4 CEILING 0001_1", in Zone="BATIMENT0000000240877151_PART0_F4_WHOLE".
   **   ~~~   ** Automatic fix is attempted.
   ** Warning ** GetVertices: Floor is upside down! Tilt angle=[0.0], should be near 180, Surface="BLOCK BATIMENT0000000240877151_PART0_WHOLE STOREY 5 FLOOR 0001_1", in Zone="BATIMENT0000000240877151_PART0_F5_WHOLE".
   **   ~~~   ** Automatic fix is attempted.
   ** Warning ** Indicated Zone Volume <= 0.0 for Zone=BATIMENT0000000240877151_PART0_F0_WHOLE
   **   ~~~   ** The calculated Zone Volume was=-271.70
   **   ~~~   ** The simulation will continue with the Zone Volume set to 10.0 m3. 
   **   ~~~   ** ...use Output:Diagnostics,DisplayExtraWarnings; to show more details on individual zones.
   ** Warning ** Indicated Zone Volume <= 0.0 for Zone=BATIMENT0000000240877151_PART0_F1_WHOLE
   **   ~~~   ** The calculated Zone Volume was=-271.70
   **   ~~~   ** The simulation will continue with the Zone Volume set to 10.0 m3. 
   **   ~~~   ** ...use Output:Diagnostics,DisplayExtraWarnings; to show more details on individual zones.
   ** Warning ** Indicated Zone Volume <= 0.0 for Zone=BATIMENT0000000240877151_PART0_F2_WHOLE
   **   ~~~   ** The calculated Zone Volume was=-271.70
   **   ~~~   ** The simulation will continue with the Zone Volume set to 10.0 m3. 
   **   ~~~   ** ...use Output:Diagnostics,DisplayExtraWarnings; to show more details on individual zones.
   ** Warning ** Indicated Zone Volume <= 0.0 for Zone=BATIMENT0000000240877151_PART0_F3_WHOLE
   **   ~~~   ** The calculated Zone Volume was=-271.70
   **   ~~~   ** The simulation will continue with the Zone Volume set to 10.0 m3. 
   **   ~~~   ** ...use Output:Diagnostics,DisplayExtraWarnings; to show more details on individual zones.
   ** Warning ** Indicated Zone Volume <= 0.0 for Zone=BATIMENT0000000240877151_PART0_F4_WHOLE
   **   ~~~   ** The calculated Zone Volume was=-271.70
   **   ~~~   ** The simulation will continue with the Zone Volume set to 10.0 m3. 
   **   ~~~   ** ...use Output:Diagnostics,DisplayExtraWarnings; to show more details on individual zones.
   ** Warning ** Indicated Zone Volume <= 0.0 for Zone=BATIMENT0000000240877151_PART0_F5_WHOLE
   **   ~~~   ** The calculated Zone Volume was=-271.70
   **   ~~~   ** The simulation will continue with the Zone Volume set to 10.0 m3. 
   **   ~~~   ** ...use Output:Diagnostics,DisplayExtraWarnings; to show more details on individual zones.
   ** Warning ** Calculated design cooling load for zone=BATIMENT0000000240877151_PART0_F0_WHOLE is zero.
   **   ~~~   ** Check Sizing:Zone and ZoneControl:Thermostat inputs.
   ** Warning ** Calculated design cooling load for zone=BATIMENT0000000240877151_PART0_F1_WHOLE is zero.
   **   ~~~   ** Check Sizing:Zone and ZoneControl:Thermostat inputs.
   ** Warning ** Calculated design cooling load for zone=BATIMENT0000000240877151_PART0_F2_WHOLE is zero.
   **   ~~~   ** Check Sizing:Zone and ZoneControl:Thermostat inputs.
   ** Warning ** Calculated design cooling load for zone=BATIMENT0000000240877151_PART0_F3_WHOLE is zero.
   **   ~~~   ** Check Sizing:Zone and ZoneControl:Thermostat inputs.
   ** Warning ** Calculated design cooling load for zone=BATIMENT0000000240877151_PART0_F4_WHOLE is zero.
   **   ~~~   ** Check Sizing:Zone and ZoneControl:Thermostat inputs.
   ** Warning ** Calculated design cooling load for zone=BATIMENT0000000240877151_PART0_F5_WHOLE is zero.
   **   ~~~   ** Check Sizing:Zone and ZoneControl:Thermostat inputs.
   ************* Testing Individual Branch Integrity
   ************* All Branches passed integrity testing
   ************* Testing Individual Supply Air Path Integrity
   ************* All Supply Air Paths passed integrity testing
   ************* Testing Individual Return Air Path Integrity
   ************* All Return Air Paths passed integrity testing
   ************* No node connection errors were found.
   ************* Beginning Simulation
   ************* Simulation Error Summary *************
   *************
   ************* ===== Final Error Summary =====
   ************* The following error categories occurred.  Consider correcting or noting.
   ************* No Reporting Elements requested
   ************* ..No Reporting elements have been requested. You will see no output values from your run.
   ************* ..Add Output:Variable, Output:Meter, Output:Table:SummaryReports, Output:Table:Monthly, Output:Table:TimeBins
   ************* ..objects to your input file to receive output values from the simulation.
   *************
   ************* EnergyPlus Warmup Error Summary. During Warmup: 0 Warning; 0 Severe Errors.
   ************* EnergyPlus Sizing Error Summary. During Sizing: 29 Warning; 0 Severe Errors.
   ************* EnergyPlus Completed Successfully-- 30 Warning; 0 Severe Errors; Elapsed Time=00hr 00min  0.31sec
